
[1m[46m RUN [49m[22m [36mv4.0.18 [39m[90mC:/Users/USUARIO/Downloads/amalis_cafeteria_version_pro-main/amalis_cafeteria_version_pro-main[39m

 [31mÔØ»[39m src/test/components.test.tsx [2m([22m[2m78 tests[22m[2m | [22m[31m26 failed[39m[2m)[22m[33m 822[2mms[22m[39m
     [32mÔ£ô[39m renders with children[32m 117[2mms[22m[39m
     [32mÔ£ô[39m applies primary variant by default[32m 8[2mms[22m[39m
     [32mÔ£ô[39m applies secondary variant[32m 6[2mms[22m[39m
     [32mÔ£ô[39m applies size classes[32m 6[2mms[22m[39m
     [32mÔ£ô[39m handles click events[32m 61[2mms[22m[39m
     [32mÔ£ô[39m can be disabled[32m 5[2mms[22m[39m
     [32mÔ£ô[39m renders with children[32m 2[2mms[22m[39m
     [32mÔ£ô[39m applies custom className[32m 1[2mms[22m[39m
     [32mÔ£ô[39m applies outline variant[32m 1[2mms[22m[39m
     [32mÔ£ô[39m renders product name[32m 5[2mms[22m[39m
     [32mÔ£ô[39m renders product price[32m 2[2mms[22m[39m
     [32mÔ£ô[39m renders product description[32m 2[2mms[22m[39m
     [32mÔ£ô[39m renders product image with correct alt text[32m 2[2mms[22m[39m
     [32mÔ£ô[39m uses product name as alt text when imageAlt is not provided[32m 2[2mms[22m[39m
     [32mÔ£ô[39m renders category badge[32m 2[2mms[22m[39m
     [32mÔ£ô[39m renders main heading[32m 24[2mms[22m[39m
[31m     [31m├ù[31m renders heading text[39m[32m 9[2mms[22m[39m
     [32mÔ£ô[39m renders menu button[32m 12[2mms[22m[39m
     [32mÔ£ô[39m renders history button[32m 12[2mms[22m[39m
     [32mÔ£ô[39m renders hero image[32m 3[2mms[22m[39m
[31m     [31m├ù[31m renders description paragraph[39m[32m 4[2mms[22m[39m
     [32mÔ£ô[39m renders brand name[32m 8[2mms[22m[39m
[31m     [31m├ù[31m renders brand description[39m[32m 7[2mms[22m[39m
     [32mÔ£ô[39m renders "Explora" section with links[32m 17[2mms[22m[39m
     [32mÔ£ô[39m renders "Contacto" section with links[32m 16[2mms[22m[39m
[31m     [31m├ù[31m renders "Horario" section[39m[32m 16[2mms[22m[39m
     [32mÔ£ô[39m renders social media links[32m 6[2mms[22m[39m
     [32mÔ£ô[39m renders copyright notice with current year[32m 5[2mms[22m[39m
     [32mÔ£ô[39m renders legal links[32m 5[2mms[22m[39m
     [32mÔ£ô[39m renders gallery section title[32m 9[2mms[22m[39m
     [32mÔ£ô[39m renders gallery heading[32m 7[2mms[22m[39m
     [32mÔ£ô[39m renders gallery images[32m 43[2mms[22m[39m
     [32mÔ£ô[39m renders images with alt text[32m 5[2mms[22m[39m
     [32mÔ£ô[39m renders section heading[32m 24[2mms[22m[39m
     [32mÔ£ô[39m renders testimonial cards[32m 52[2mms[22m[39m
     [32mÔ£ô[39m renders star ratings[32m 20[2mms[22m[39m
[31m     [31m├ù[31m renders testimonial names[39m[32m 29[2mms[22m[39m
[31m     [31m├ù[31m renders testimonial roles[39m[32m 26[2mms[22m[39m
[31m     [31m├ù[31m renders section heading[39m[32m 8[2mms[22m[39m
[31m     [31m├ù[31m renders Pan Artesanal feature[39m[32m 8[2mms[22m[39m
[31m     [31m├ù[31m renders Boller├¡a Dulce feature[39m[32m 8[2mms[22m[39m
[31m     [31m├ù[31m renders Tartas a Medida feature[39m[32m 8[2mms[22m[39m
[31m     [31m├ù[31m renders feature images[39m[32m 8[2mms[22m[39m
     [32mÔ£ô[39m renders "Saber m├ís" buttons[32m 35[2mms[22m[39m
[31m     [31m├ù[31m renders brand logo A[39m[32m 5[2mms[22m[39m
[31m     [31m├ù[31m renders Amalis Cafeter├¡a brand[39m[32m 1[2mms[22m[39m
[31m     [31m├ù[31m renders hamburger menu button[39m[32m 1[2mms[22m[39m
[31m     [31m├ù[31m has aria-expanded attribute on hamburger[39m[32m 1[2mms[22m[39m
[31m     [31m├ù[31m renders main navigation with aria-label[39m[32m 1[2mms[22m[39m
[31m     [31m├ù[31m renders Skip Link for keyboard navigation[39m[32m 1[2mms[22m[39m
[31m     [31m├ù[31m Skip Link has correct href[39m[32m 1[2mms[22m[39m
[31m     [31m├ù[31m drawer has dialog role when open[39m[32m 1[2mms[22m[39m
[31m     [31m├ù[31m drawer has aria-modal attribute[39m[32m 1[2mms[22m[39m
[31m     [31m├ù[31m closes drawer on Escape key[39m[32m 1[2mms[22m[39m
     [32mÔ£ô[39m renders section subtitle[32m 11[2mms[22m[39m
[31m     [31m├ù[31m renders section title[39m[32m 19[2mms[22m[39m
[31m     [31m├ù[31m renders section description[39m[32m 13[2mms[22m[39m
[31m     [31m├ù[31m renders product cards[39m[32m 13[2mms[22m[39m
     [32mÔ£ô[39m renders "Ver Carta Completa" button[32m 16[2mms[22m[39m
     [32mÔ£ô[39m renders section title with Tienda highlighted[32m 16[2mms[22m[39m
     [32mÔ£ô[39m renders section description[32m 4[2mms[22m[39m
     [32mÔ£ô[39m renders location button[32m 14[2mms[22m[39m
[31m     [31m├ù[31m renders main store info[39m[32m 6[2mms[22m[39m
     [32mÔ£ô[39m renders current day opening hours[32m 4[2mms[22m[39m
     [32mÔ£ô[39m renders map card[32m 3[2mms[22m[39m
     [32mÔ£ô[39m renders "C├│mo llegar" link[32m 14[2mms[22m[39m
[31m     [31m├ù[31m renders location map image[39m[32m 4[2mms[22m[39m
     [32mÔ£ô[39m renders children correctly[32m 1[2mms[22m[39m
     [32mÔ£ô[39m applies default width fit-content[32m 1[2mms[22m[39m
     [32mÔ£ô[39m applies 100% width when specified[32m 1[2mms[22m[39m
     [32mÔ£ô[39m applies custom className[32m 1[2mms[22m[39m
     [32mÔ£ô[39m renders with default direction up[32m 1[2mms[22m[39m
     [32mÔ£ô[39m renders with direction down[32m 1[2mms[22m[39m
     [32mÔ£ô[39m renders with direction left[32m 1[2mms[22m[39m
     [32mÔ£ô[39m renders with direction right[32m 1[2mms[22m[39m
     [32mÔ£ô[39m accepts delay prop[32m 1[2mms[22m[39m
     [32mÔ£ô[39m has overflow hidden on wrapper[32m 1[2mms[22m[39m
     [32mÔ£ô[39m has relative position on wrapper[32m 1[2mms[22m[39m
node.exe : 
En línea: 1 Carácter: 1
+ & "C:\Program Files\nodejs/node.exe" 
"C:\Program Files\nodejs/node_mo ...
+ ~~~~~~~~~~~~~~~~~~~~~~~~~~~~~~~~~~~~~~~~~~~~
~~~~~~~~~~~~~~~~~~~~~~~~~
    + CategoryInfo          : NotSpecified: ( 
   :String) [], RemoteException
    + FullyQualifiedErrorId : NativeCommandEr 
   ror
 
[31mÔÄ»ÔÄ»ÔÄ»ÔÄ»ÔÄ»ÔÄ»[39m[1m[41m Failed 
Tests 26 
[49m[22m[31mÔÄ»ÔÄ»ÔÄ»ÔÄ»ÔÄ»ÔÄ»ÔÄ»[39m

[41m[1m FAIL [22m[49m 
src/test/components.test.tsx[2m > 
[22mHero[2m > [22mrenders heading text
[31m[1mTestingLibraryElementError[22m: 
Unable to find an element with the text: 
/Reci├®n Horneado/i. This could be because 
the text is broken up by multiple elements. 
In this case, you can provide a function for 
your text matcher to make your matcher more 
flexible.

Ignored nodes: comments, script, style
[36m<body>[31m
  [36m<div>[31m
    [36m<div[31m
      [33mclass[31m=[32m"relative h-screen 
flex items-center justify-center 
overflow-hidden bg-coffee"[31m
    [36m>[31m
      [36m<div[31m
        [33mclass[31m=[32m"absolute 
inset-0 z-0"[31m
      [36m>[31m
        [36m<img[31m
          [33malt[31m=[32m"Pan artesanal 
de masa madre reci├®n horneado en Amalis 
Cafeter├¡a, mostrando su corteza dorada y 
crujiente"[31m
          [33mclass[31m=[32m"w-full h-full 
object-cover brightness-[0.6] 
img-unified"[31m
          [33mdecoding[31m=[32m"async"[31m
          
[33mfetchpriority[31m=[32m"high"[31m
          [33mloading[31m=[32m"eager"[31m
          [33msrc[31m=[32m"https://images.u
nsplash.com/photo-1509440159596-0249088772ff?a
uto=format&fit=crop&q=60&w=1200"[31m
        [36m/>[31m
        [36m<div[31m
          [33mclass[31m=[32m"absolute 
inset-0 bg-gradient-to-b from-coffee/60 
via-transparent to-white/30"[31m
        [36m/>[31m
      [36m</div>[31m
      [36m<div[31m
        [33mclass[31m=[32m"relative z-10 
text-center px-6 max-w-5xl pt-24 md:pt-0"[31m
      [36m>[31m
        [36m<div[31m
          [33mclass[31m=[32m" "[31m
          [33mstyle[31m=[32m"position: 
relative; width: 100%; overflow: 
visible;"[31m
        [36m>[31m
          [36m<div[31m
            [33mclass[31m=[32m""[31m
            [33mstyle[31m=[32m"opacity: 0; 
transform: translateY(75px);"[31m
          [36m>[31m
            [36m<h1[31m
              
[33mclass[31m=[32m"font-serif text-white 
mb-6 leading-tight drop-shadow-lg 
tracking-tight text-4xl sm:text-5xl 
md:text-6xl lg:text-7xl xl:text-8xl 
font-bold"[31m
            [36m>[31m
              [0mEl Coraz├│n de[0m
              [36m<br />[31m
              [0mSanta Pola,[0m
              [36m<br />[31m
              [0mSin Atajos.[0m
            [36m</h1>[31m
          [36m</div>[31m
        [36m</div>[31m
        [36m<div[31m
          [33mclass[31m=[32m" "[31m
          [33mstyle[31m=[32m"position: 
relative; width: 100%; overflow: 
visible;"[31m
        [36m>[31m
          [36m<div[31m
            [33mclass[31m=[32m""[31m
            [33mstyle[31m=[32m"opacity: 0; 
transform: translateY(75px);"[31m
          [36m>[31m
            [36m<div[31m
              [33mclass[31m=[32m"flex 
flex-col gap-2 mb-10 max-w-2xl mx-auto"[31m
            [36m>[31m
              [36m<p[31m
                [33mclass[31m=[32m"text-lg 
md:text-xl text-white font-sans font-medium 
drop-shadow-md"[31m
              [36m>[31m
                [0mAqu├¡ huele a pan reci├®n 
hecho desde bien temprano.[0m
              [36m</p>[31m
              [36m<p[31m
                [33mclass[31m=[32m"text-lg 
md:text-xl text-white/90 font-sans font-light 
drop-shadow-md italic"[31m
              [36m>[31m
                [0m"La verdadera artesan├¡a 
no tiene modo r├ípido."[0m
              [36m</p>[31m
            [36m</div>[31m
          [36m</div>[31m
        [36m</div>[31m
        [36m<div[31m
          [33mclass[31m=[32m" "[31m
          [33mstyle[31m=[32m"position: 
relative; width: 100%; overflow: 
visible;"[31m
        [36m>[31m
          [36m<div[31m
            [33mclass[31m=[32m""[31m
            [33mstyle[31m=[32m"opacity: 0; 
transform: translateY(75px);"[31m
          [36m>[31m
            [36m<div[31m
              [33mclass[31m=[32m"flex 
flex-col sm:flex-row items-center 
justify-center gap-4"[31m
            [36m>[31m
              [36m<button[31m
                
[33mclass[31m=[32m"transition-all 
duration-300 ease-in-out rounded-full 
font-bold active:scale-95 flex items-center 
justify-center gap-2 cursor-pointer bg-honey 
text-brownie hover:bg-amber-400 shadow-lg 
font-bold px-10 py-4 text-lg "[31m
              [36m>[31m
                [0mExplorar Men├║[0m
              [36m</button>[31m
              [36m<button[31m
                
[33mclass[31m=[32m"transition-all 
duration-300 ease-in-out rounded-full 
font-bold active:scale-95 flex items-center 
justify-center gap-2 cursor-pointer 
bg-white/20 backdrop-blur-md text-white 
border border-white/30 hover:bg-white/30 
px-10 py-4 text-lg "[31m
              [36m>[31m
                [0mNuestra Historia[0m
              [36m</button>[31m
            [36m</div>[31m
          [36m</div>[31m
        [36m</div>[31m
      [36m</div>[31m
    [36m</div>[31m
  [36m</div>[31m
[36m</body>[31m[39m
[90m [2mÔØ»[22m Object.getElementError node
_modules/@testing-library/dom/dist/config.js:
[2m37:19[22m[39m
[90m [2mÔØ»[22m node_modules/@testing-libra
ry/dom/dist/query-helpers.js:[2m76:38[22m[3
9m
[90m [2mÔØ»[22m node_modules/@testing-libra
ry/dom/dist/query-helpers.js:[2m52:17[22m[3
9m
[90m [2mÔØ»[22m node_modules/@testing-libra
ry/dom/dist/query-helpers.js:[2m95:19[22m[3
9m
[36m [2mÔØ»[22m src/test/components.test.ts
x:[2m125:23[22m[39m
    [90m123| [39m    
[34mit[39m([32m'renders heading 
text'[39m[33m,[39m () [33m=>[39m {
    [90m124| [39m        
[34mrender[39m([33m<[39m[33mHero[39m 
[33m/[39m[33m>[39m)
    [90m125| [39m        
expect(screen.getByText(/Reci├®n 
Horneado/i)).toBeInTheDocumentÔÇª
    [90m   | [39m                      
[31m^[39m
    [90m126| [39m    })
    [90m127| [39m

[31m[2mÔÄ»ÔÄ»ÔÄ»ÔÄ»ÔÄ»ÔÄ»ÔÄ»ÔÄ»ÔÄ»ÔÄ»ÔÄ»ÔÄ»Ô
Ä»ÔÄ»ÔÄ»ÔÄ»ÔÄ»ÔÄ»ÔÄ»ÔÄ»ÔÄ»ÔÄ»ÔÄ»[1/26]ÔÄ»[22m
[39m

[41m[1m FAIL [22m[49m 
src/test/components.test.tsx[2m > 
[22mHero[2m > [22mrenders description 
paragraph
[31m[1mTestingLibraryElementError[22m: 
Unable to find an element with the text: 
/Vive el sabor aut├®ntico/i. This could be 
because the text is broken up by multiple 
elements. In this case, you can provide a 
function for your text matcher to make your 
matcher more flexible.

Ignored nodes: comments, script, style
[36m<body>[31m
  [36m<div>[31m
    [36m<div[31m
      [33mclass[31m=[32m"relative h-screen 
flex items-center justify-center 
overflow-hidden bg-coffee"[31m
    [36m>[31m
      [36m<div[31m
        [33mclass[31m=[32m"absolute 
inset-0 z-0"[31m
      [36m>[31m
        [36m<img[31m
          [33malt[31m=[32m"Pan artesanal 
de masa madre reci├®n horneado en Amalis 
Cafeter├¡a, mostrando su corteza dorada y 
crujiente"[31m
          [33mclass[31m=[32m"w-full h-full 
object-cover brightness-[0.6] 
img-unified"[31m
          [33mdecoding[31m=[32m"async"[31m
          
[33mfetchpriority[31m=[32m"high"[31m
          [33mloading[31m=[32m"eager"[31m
          [33msrc[31m=[32m"https://images.u
nsplash.com/photo-1509440159596-0249088772ff?a
uto=format&fit=crop&q=60&w=1200"[31m
        [36m/>[31m
        [36m<div[31m
          [33mclass[31m=[32m"absolute 
inset-0 bg-gradient-to-b from-coffee/60 
via-transparent to-white/30"[31m
        [36m/>[31m
      [36m</div>[31m
      [36m<div[31m
        [33mclass[31m=[32m"relative z-10 
text-center px-6 max-w-5xl pt-24 md:pt-0"[31m
      [36m>[31m
        [36m<div[31m
          [33mclass[31m=[32m" "[31m
          [33mstyle[31m=[32m"position: 
relative; width: 100%; overflow: 
visible;"[31m
        [36m>[31m
          [36m<div[31m
            [33mclass[31m=[32m""[31m
            [33mstyle[31m=[32m"opacity: 0; 
transform: translateY(75px);"[31m
          [36m>[31m
            [36m<h1[31m
              
[33mclass[31m=[32m"font-serif text-white 
mb-6 leading-tight drop-shadow-lg 
tracking-tight text-4xl sm:text-5xl 
md:text-6xl lg:text-7xl xl:text-8xl 
font-bold"[31m
            [36m>[31m
              [0mEl Coraz├│n de[0m
              [36m<br />[31m
              [0mSanta Pola,[0m
              [36m<br />[31m
              [0mSin Atajos.[0m
            [36m</h1>[31m
          [36m</div>[31m
        [36m</div>[31m
        [36m<div[31m
          [33mclass[31m=[32m" "[31m
          [33mstyle[31m=[32m"position: 
relative; width: 100%; overflow: 
visible;"[31m
        [36m>[31m
          [36m<div[31m
            [33mclass[31m=[32m""[31m
            [33mstyle[31m=[32m"opacity: 0; 
transform: translateY(75px);"[31m
          [36m>[31m
            [36m<div[31m
              [33mclass[31m=[32m"flex 
flex-col gap-2 mb-10 max-w-2xl mx-auto"[31m
            [36m>[31m
              [36m<p[31m
                [33mclass[31m=[32m"text-lg 
md:text-xl text-white font-sans font-medium 
drop-shadow-md"[31m
              [36m>[31m
                [0mAqu├¡ huele a pan reci├®n 
hecho desde bien temprano.[0m
              [36m</p>[31m
              [36m<p[31m
                [33mclass[31m=[32m"text-lg 
md:text-xl text-white/90 font-sans font-light 
drop-shadow-md italic"[31m
              [36m>[31m
                [0m"La verdadera artesan├¡a 
no tiene modo r├ípido."[0m
              [36m</p>[31m
            [36m</div>[31m
          [36m</div>[31m
        [36m</div>[31m
        [36m<div[31m
          [33mclass[31m=[32m" "[31m
          [33mstyle[31m=[32m"position: 
relative; width: 100%; overflow: 
visible;"[31m
        [36m>[31m
          [36m<div[31m
            [33mclass[31m=[32m""[31m
            [33mstyle[31m=[32m"opacity: 0; 
transform: translateY(75px);"[31m
          [36m>[31m
            [36m<div[31m
              [33mclass[31m=[32m"flex 
flex-col sm:flex-row items-center 
justify-center gap-4"[31m
            [36m>[31m
              [36m<button[31m
                
[33mclass[31m=[32m"transition-all 
duration-300 ease-in-out rounded-full 
font-bold active:scale-95 flex items-center 
justify-center gap-2 cursor-pointer bg-honey 
text-brownie hover:bg-amber-400 shadow-lg 
font-bold px-10 py-4 text-lg "[31m
              [36m>[31m
                [0mExplorar Men├║[0m
              [36m</button>[31m
              [36m<button[31m
                
[33mclass[31m=[32m"transition-all 
duration-300 ease-in-out rounded-full 
font-bold active:scale-95 flex items-center 
justify-center gap-2 cursor-pointer 
bg-white/20 backdrop-blur-md text-white 
border border-white/30 hover:bg-white/30 
px-10 py-4 text-lg "[31m
              [36m>[31m
                [0mNuestra Historia[0m
              [36m</button>[31m
            [36m</div>[31m
          [36m</div>[31m
        [36m</div>[31m
      [36m</div>[31m
    [36m</div>[31m
  [36m</div>[31m
[36m</body>[31m[39m
[90m [2mÔØ»[22m Object.getElementError node
_modules/@testing-library/dom/dist/config.js:
[2m37:19[22m[39m
[90m [2mÔØ»[22m node_modules/@testing-libra
ry/dom/dist/query-helpers.js:[2m76:38[22m[3
9m
[90m [2mÔØ»[22m node_modules/@testing-libra
ry/dom/dist/query-helpers.js:[2m52:17[22m[3
9m
[90m [2mÔØ»[22m node_modules/@testing-libra
ry/dom/dist/query-helpers.js:[2m95:19[22m[3
9m
[36m [2mÔØ»[22m src/test/components.test.ts
x:[2m146:23[22m[39m
    [90m144| [39m    
[34mit[39m([32m'renders description 
paragraph'[39m[33m,[39m () [33m=>[39m {
    [90m145| [39m        
[34mrender[39m([33m<[39m[33mHero[39m 
[33m/[39m[33m>[39m)
    [90m146| [39m        
expect(screen.getByText(/Vive el sabor 
aut├®ntico/i)).toBeInTheÔÇª
    [90m   | [39m                      
[31m^[39m
    [90m147| [39m    })
    [90m148| [39m})

[31m[2mÔÄ»ÔÄ»ÔÄ»ÔÄ»ÔÄ»ÔÄ»ÔÄ»ÔÄ»ÔÄ»ÔÄ»ÔÄ»ÔÄ»Ô
Ä»ÔÄ»ÔÄ»ÔÄ»ÔÄ»ÔÄ»ÔÄ»ÔÄ»ÔÄ»ÔÄ»ÔÄ»[2/26]ÔÄ»[22m
[39m

[41m[1m FAIL [22m[49m 
src/test/components.test.tsx[2m > 
[22mFooter[2m > [22mrenders brand 
description
[31m[1mTestingLibraryElementError[22m[39m:
 Unable to find an element with the text: 
/Creando historias y tradiciones/i. This 
could be because the text is broken up by 
multiple elements. In this case, you can 
provide a function for your text matcher to 
make your matcher more flexible.

Ignored nodes: comments, script, style
[36m<body>[39m
  [36m<div>[39m
    [36m<footer[39m
      [33mclass[39m=[32m"bg-transparent 
pt-20 pb-10 px-6"[39m
    [36m>[39m
      [36m<div[39m
        [33mclass[39m=[32m"max-w-7xl 
mx-auto"[39m
      [36m>[39m
        [36m<div[39m
          [33mclass[39m=[32m"grid 
grid-cols-1 md:grid-cols-4 gap-12 mb-20"[39m
        [36m>[39m
          [36m<div[39m
            [33mclass[39m=[32m"col-span-1 
md:col-span-1"[39m
          [36m>[39m
            [36m<div[39m
              [33mclass[39m=[32m"flex 
items-center space-x-2 mb-6"[39m
            [36m>[39m
              [36m<div[39m
                [33mclass[39m=[32m"w-8 h-8 
bg-brownie rounded-full flex items-center 
justify-center text-beige font-serif text-lg 
font-bold"[39m
              [36m>[39m
                [0mA[0m
              [36m</div>[39m
              [36m<span[39m
                [33mclass[39m=[32m"text-xl 
font-serif font-bold tracking-tight 
text-cream"[39m
              [36m>[39m
                [0mAmalis [0m
                [36m<span[39m
                  
[33mclass[39m=[32m"text-caramel"[39m
                [36m>[39m
                  [0mCafeter├¡a[0m
                [36m</span>[39m
              [36m</span>[39m
            [36m</div>[39m
            [36m<p[39m
              
[33mclass[39m=[32m"text-cream/60 
leading-relaxed mb-6"[39m
            [36m>[39m
              [0mNo dejes que te lo cuenten. 
Ven a probar la diferencia de lo reci├®n 
hecho.[0m
            [36m</p>[39m
            [36m<div[39m
              [33mclass[39m=[32m"flex 
space-x-4"[39m
            [36m>[39m
              [36m<a[39m
                
[33maria-label[39m=[32m"S├¡guenos en 
Instagram"[39m
                [33mclass[39m=[32m"w-10 
h-10 rounded-full bg-white/5 flex 
items-center justify-center text-cream 
hover:bg-caramel hover:text-white 
transition-all"[39m
                [33mhref[39m=[32m"https://i
nstagram.com/amaliscafeteria"[39m
                [33mrel[39m=[32m"noopener 
noreferrer"[39m
                
[33mtarget[39m=[32m"_blank"[39m
              [36m>[39m
                [36m<svg[39m
                  
[33maria-hidden[39m=[32m"true"[39m
                  [33mclass[39m=[32m"w-5 
h-5"[39m
                  
[33mfill[39m=[32m"currentColor"[39m
                  [33mviewBox[39m=[32m"0 0 
24 24"[39m
                [36m>[39m
                  [36m<path[39m
                    
[33mclip-rule[39m=[32m"evenodd"[39m
                    [33md[39m=[32m"M12.315 
2c2.43 0 2.784.013 3.808.06 1.064.049 
1.791.218 2.427.465a4.902 4.902 0 011.772 
1.153 4.902 4.902 0 011.153 
1.772c.247.636.416 1.363.465 2.427.048 
1.067.06 1.407.06 4.123v.08c0 2.643-.012 
2.987-.06 4.043-.049 1.064-.218 1.791-.465 
2.427a4.902 4.902 0 01-1.153 1.772 4.902 
4.902 0 01-1.772 1.153c-.636.247-1.363.416-2.4
27.465-1.067.048-1.407.06-4.123.06h-.08c-2.643
 0-2.987-.012-4.043-.06-1.064-.049-1.791-.218-
2.427-.465a4.902 4.902 0 01-1.772-1.153 4.902 
4.902 0 01-1.153-1.772c-.247-.636-.416-1.363-.
465-2.427-.047-1.024-.06-1.379-.06-3.808v-.63c
0-2.43.013-2.784.06-3.808.049-1.064.218-1.791.
465-2.427a4.902 4.902 0 011.153-1.772A4.902 
4.902 0 015.45 2.525c.636-.247 1.363-.416 
2.427-.465C8.901 2.013 9.256 2 11.685 
2h.63zm-.081 1.802h-.468c-2.456 0-2.784.011-3.
807.058-.975.045-1.504.207-1.857.344-.467.182-
.8.398-1.15.748-.35.35-.566.683-.748 
1.15-.137.353-.3.882-.344 1.857-.047 
1.023-.058 1.351-.058 3.807v.468c0 2.456.011 
2.784.058 3.807.045.975.207 1.504.344 
1.857.182.466.399.8.748 1.15.35.35.683.566 
1.15.748.353.137.882.3 1.857.344 1.054.048 
1.37.058 4.041.058h.08c2.597 0 2.917-.01 
3.96-.058.976-.045 1.505-.207 
1.858-.344.466-.182.8-.398 1.15-.748.35-.35.56
6-.683.748-1.15.137-.353.3-.882.344-1.857.048-
1.055.058-1.37.058-4.041v-.08c0-2.597-.01-2.91
7-.058-3.96-.045-.976-.207-1.505-.344-1.858a3.
097 3.097 0 00-.748-1.15 3.098 3.098 0 00-1.15
-.748c-.353-.137-.882-.3-1.857-.344-1.023-.047
-1.351-.058-3.807-.058zM12 6.865a5.135 5.135 
0 110 10.27 5.135 5.135 0 010-10.27zm0 
1.802a3.333 3.333 0 100 6.666 3.333 3.333 0 
000-6.666zm5.338-3.205a1.2 1.2 0 110 2.4 1.2 
1.2 0 010-2.4z"[39m
                    
[33mfill-rule[39m=[32m"evenodd"[39m
                  [36m/>[39m
                [36m</svg>[39m
              [36m</a>[39m
              [36m<a[39m
                
[33maria-label[39m=[32m"S├¡guenos en 
Facebook"[39m
                [33mclass[39m=[32m"w-10 
h-10 rounded-full bg-white/5 flex 
items-center justify-center text-cream 
hover:bg-caramel hover:text-white 
transition-all"[39m
                [33mhref[39m=[32m"https://f
acebook.com/amaliscafeteria"[39m
                [33mrel[39m=[32m"noopener 
noreferrer"[39m
                
[33mtarget[39m=[32m"_blank"[39m
              [36m>[39m
                [36m<svg[39m
                  
[33maria-hidden[39m=[32m"true"[39m
                  [33mclass[39m=[32m"w-5 
h-5"[39m
                  
[33mfill[39m=[32m"currentColor"[39m
                  [33mviewBox[39m=[32m"0 0 
24 24"[39m
                [36m>[39m
                  [36m<path[39m
                    
[33mclip-rule[39m=[32m"evenodd"[39m
                    [33md[39m=[32m"M22 
12c0-5.523-4.477-10-10-10S2 6.477 2 12c0 
4.991 3.657 9.128 8.438 
9.878v-6.987h-2.54V12h2.54V9.797c0-2.506 
1.492-3.89 3.777-3.89 1.094 0 2.238.195 
2.238.195v2.46h-1.26c-1.243 0-1.63.771-1.63 
1.562V12h2.773l-.443 2.89h-2.33v6.988C18.343 
21.128 22 16.991 22 12z"[39m
                    
[33mfill-rule[39m=[32m"evenodd"[39m
                  [36m/>[39m
                [36m</svg>[39m
              [36m</a>[39m
              [36m<a[39m
                
[33maria-label[39m=[32m"S├¡guenos en 
Twitter"[39m
                [33mclass[39m=[32m"w-10 
h-10 rounded-full bg-white/5 flex 
items-center justify-center text-cream 
hover:bg-caramel hover:text-white 
transition-all"[39m
                [33mhref[39m=[32m"https://t
witter.com/amaliscafeteria"[39m
                [33mrel[39m=[32m"noopener 
noreferrer"[39m
                
[33mtarget[39m=[32m"_blank"[39m
              [36m>[39m
                [36m<svg[39m
                  
[33maria-hidden[39m=[32m"true"[39m
                  [33mclass[39m=[32m"w-5 
h-5"[39m
                  
[33mfill[39m=[32m"currentColor"[39m
                  [33mviewBox[39m=[32m"0 0 
24 24"[39m
                [36m>[39m
                  [36m<path[39m
                    [33md[39m=[32m"M18.244 
2.25h3.308l-7.227 8.26 8.502 
11.24H16.17l-5.214-6.817L4.99 
21.75H1.68l7.73-8.835L1.254 2.25H8.08l4.713 
6.231zm-1.161 17.52h1.833L7.084 
4.126H5.117z"[39m
                  [36m/>[39m
                [36m</svg>[39m
              [36m</a>[39m
            [36m</div>[39m
          [36m</div>[39m
          [36m<div>[39m
            [36m<h4[39m
              [33mclass[39m=[32m"font-bold 
text-cream mb-6 uppercase tracking-widest 
text-sm"[39m
            [36m>[39m
              [0mExplora[0m
            [36m</h4>[39m
            [36m<ul[39m
              
[33mclass[39m=[32m"space-y-4"[39m
            [36m>[39m
              [36m<li>[39m
                [36m<a[39m
                  
[33mclass[39m=[32m"text-cream/60 
hover:text-caramel transition-colors"[39m
                  
[33mhref[39m=[32m"#menu"[39m
                [36m>[39m
                  [0mCarta[0m
                [36m</a>[39m
              [36m</li>[39m
              [36m<li>[39m
                [36m<a[39m
                  
[33mclass[39m=[32m"text-cream/60 
hover:text-caramel transition-colors"[39m
                  
[33mhref[39m=[32m"#about"[39m
                [36m>[39m
                  [0mSobre Nosotros[0m
                [36m</a>[39m
              [36m</li>[39m
              [36m<li>[39m
                [36m<a[39m
                  
[33mclass[39m=[32m"text-cream/60 
hover:text-caramel transition-colors"[39m
                  
[33mhref[39m=[32m"#gallery"[39m
                [36m>[39m
                  [0mGaler├¡a[0m
                [36m</a>[39m
              [36m</li>[39m
              [36m<li>[39m
                [36m<a[39m
                  
[33mclass[39m=[32m"text-cream/60 
hover:text-caramel transition-colors"[39m
                  
[33mhref[39m=[32m"#contact"[39m
                [36m>[39m
                  [0mUbicaci├│n[0m
                [36m</a>[39m
              [36m</li>[39m
            [36m</ul>[39m
          [36m</div>[39m
          [36m<div>[39m
            [36m<h4[39m
              [33mclass[39m=[32m"font-bold 
text-cream mb-6 uppercase tracking-widest 
text-sm"[39m
            [36m>[39m
              [0mContacto[0m
            [36m</h4>[39m
            [36m<ul[39m
              
[33mclass[39m=[32m"space-y-4"[39m
            [36m>[39m
              [36m<li>[39m
                [36m<a[39m
                  
[33mclass[39m=[32m"text-cream/60 
hover:text-caramel transition-colors"[39m
                  
[33mhref[39m=[32m"#contact"[39m
                [36m>[39m
                  [0mVis├¡tanos en Santa 
Pola[0m
                [36m</a>[39m
              [36m</li>[39m
              [36m<li>[39m
                [36m<a[39m
                  
[33mclass[39m=[32m"text-cream/60 
hover:text-caramel transition-colors"[39m
                  
[33mhref[39m=[32m"#contact"[39m
                [36m>[39m
                  [0mContacto[0m
                [36m</a>[39m
              [36m</li>[39m
            [36m</ul>[39m
          [36m</div>[39m
          [36m<div>[39m
            [36m<h4[39m
              [33mclass[39m=[32m"font-bold 
text-cream mb-6 uppercase tracking-widest 
text-sm"[39m
            [36m>[39m
              [0mHorario[0m
            [36m</h4>[39m
            [36m<ul[39m
              
[33mclass[39m=[32m"space-y-4"[39m
            [36m>[39m
              [36m<li[39m
                
[33mclass[39m=[32m"text-cream/60"[39m
              [36m>[39m
                [36m<span[39m
                  
[33mclass[39m=[32m"font-medium 
text-cream"[39m
                [36m>[39m
                  [0mLunes - Domingo[0m
                [36m</span>[39m
                [36m<br />[39m
                [36m<span>[39m
                  [0m07:00 - 21:00[0m
                [36m</span>[39m
              [36m</li>[39m
            [36m</ul>[39m
          [36m</div>[39m
        [36m</div>[39m
        [36m<div[39m
          [33mclass[39m=[32m"pt-10 
border-t border-white/10 flex flex-col 
md:flex-row justify-between items-center 
gap-6"[39m
        [36m>[39m
          [36m<p[39m
            
[33mclass[39m=[32m"text-cream/40 
text-sm"[39m
          [36m>[39m
            [0m┬® [0m
            [0m2026[0m
            [0m Amalis Cafeter├¡a. Todos los 
derechos reservados.[0m
          [36m</p>[39m
          [36m<div[39m
            [33mclass[39m=[32m"flex 
space-x-8 text-sm text-cream/40"[39m
          [36m>[39m
            [36m<a[39m
              
[33mclass[39m=[32m"hover:text-brownie"[39m
              [33mhref[39m=[32m"#"[39m
            [36m>[39m
              [0mPrivacidad[0m
            [36m</a>[39m
            [36m<a[39m
              
[33mclass[39m=[32m"hover:text-brownie"[39m
              [33mhref[39m=[32m"#"[39m
            [36m>[39m
              [0mCookies[0m
            [36m</a>[39m
          [36m</div>[39m
        [36m</div>[39m
      [36m</div>[39m
    [36m</footer>[39m
  [36m</div>[39m
[36m</body>[39m
[90m [2mÔØ»[22m Object.getElementError node
_modules/@testing-library/dom/dist/config.js:
[2m37:19[22m[39m
[90m [2mÔØ»[22m node_modules/@testing-libra
ry/dom/dist/query-helpers.js:[2m76:38[22m[3
9m
[90m [2mÔØ»[22m node_modules/@testing-libra
ry/dom/dist/query-helpers.js:[2m52:17[22m[3
9m
[90m [2mÔØ»[22m node_modules/@testing-libra
ry/dom/dist/query-helpers.js:[2m95:19[22m[3
9m
[36m [2mÔØ»[22m src/test/components.test.ts
x:[2m162:23[22m[39m
    [90m160| [39m    
[34mit[39m([32m'renders brand 
description'[39m[33m,[39m () [33m=>[39m {
    [90m161| [39m        
[34mrender[39m([33m<[39m[33mFooter[39m 
[33m/[39m[33m>[39m)
    [90m162| [39m        
expect(screen.getByText(/Creando historias y 
tradiciones/i)).tÔÇª
    [90m   | [39m                      
[31m^[39m
    [90m163| [39m    })
    [90m164| [39m

[31m[2mÔÄ»ÔÄ»ÔÄ»ÔÄ»ÔÄ»ÔÄ»ÔÄ»ÔÄ»ÔÄ»ÔÄ»ÔÄ»ÔÄ»Ô
Ä»ÔÄ»ÔÄ»ÔÄ»ÔÄ»ÔÄ»ÔÄ»ÔÄ»ÔÄ»ÔÄ»ÔÄ»[3/26]ÔÄ»[22m
[39m

[41m[1m FAIL [22m[49m 
src/test/components.test.tsx[2m > 
[22mFooter[2m > [22mrenders "Horario" 
section
[31m[1mTestingLibraryElementError[22m[39m:
 Unable to find an element with the text: 
Lunes - Viernes. This could be because the 
text is broken up by multiple elements. In 
this case, you can provide a function for 
your text matcher to make your matcher more 
flexible.

Ignored nodes: comments, script, style
[36m<body>[39m
  [36m<div>[39m
    [36m<footer[39m
      [33mclass[39m=[32m"bg-transparent 
pt-20 pb-10 px-6"[39m
    [36m>[39m
      [36m<div[39m
        [33mclass[39m=[32m"max-w-7xl 
mx-auto"[39m
      [36m>[39m
        [36m<div[39m
          [33mclass[39m=[32m"grid 
grid-cols-1 md:grid-cols-4 gap-12 mb-20"[39m
        [36m>[39m
          [36m<div[39m
            [33mclass[39m=[32m"col-span-1 
md:col-span-1"[39m
          [36m>[39m
            [36m<div[39m
              [33mclass[39m=[32m"flex 
items-center space-x-2 mb-6"[39m
            [36m>[39m
              [36m<div[39m
                [33mclass[39m=[32m"w-8 h-8 
bg-brownie rounded-full flex items-center 
justify-center text-beige font-serif text-lg 
font-bold"[39m
              [36m>[39m
                [0mA[0m
              [36m</div>[39m
              [36m<span[39m
                [33mclass[39m=[32m"text-xl 
font-serif font-bold tracking-tight 
text-cream"[39m
              [36m>[39m
                [0mAmalis [0m
                [36m<span[39m
                  
[33mclass[39m=[32m"text-caramel"[39m
                [36m>[39m
                  [0mCafeter├¡a[0m
                [36m</span>[39m
              [36m</span>[39m
            [36m</div>[39m
            [36m<p[39m
              
[33mclass[39m=[32m"text-cream/60 
leading-relaxed mb-6"[39m
            [36m>[39m
              [0mNo dejes que te lo cuenten. 
Ven a probar la diferencia de lo reci├®n 
hecho.[0m
            [36m</p>[39m
            [36m<div[39m
              [33mclass[39m=[32m"flex 
space-x-4"[39m
            [36m>[39m
              [36m<a[39m
                
[33maria-label[39m=[32m"S├¡guenos en 
Instagram"[39m
                [33mclass[39m=[32m"w-10 
h-10 rounded-full bg-white/5 flex 
items-center justify-center text-cream 
hover:bg-caramel hover:text-white 
transition-all"[39m
                [33mhref[39m=[32m"https://i
nstagram.com/amaliscafeteria"[39m
                [33mrel[39m=[32m"noopener 
noreferrer"[39m
                
[33mtarget[39m=[32m"_blank"[39m
              [36m>[39m
                [36m<svg[39m
                  
[33maria-hidden[39m=[32m"true"[39m
                  [33mclass[39m=[32m"w-5 
h-5"[39m
                  
[33mfill[39m=[32m"currentColor"[39m
                  [33mviewBox[39m=[32m"0 0 
24 24"[39m
                [36m>[39m
                  [36m<path[39m
                    
[33mclip-rule[39m=[32m"evenodd"[39m
                    [33md[39m=[32m"M12.315 
2c2.43 0 2.784.013 3.808.06 1.064.049 
1.791.218 2.427.465a4.902 4.902 0 011.772 
1.153 4.902 4.902 0 011.153 
1.772c.247.636.416 1.363.465 2.427.048 
1.067.06 1.407.06 4.123v.08c0 2.643-.012 
2.987-.06 4.043-.049 1.064-.218 1.791-.465 
2.427a4.902 4.902 0 01-1.153 1.772 4.902 
4.902 0 01-1.772 1.153c-.636.247-1.363.416-2.4
27.465-1.067.048-1.407.06-4.123.06h-.08c-2.643
 0-2.987-.012-4.043-.06-1.064-.049-1.791-.218-
2.427-.465a4.902 4.902 0 01-1.772-1.153 4.902 
4.902 0 01-1.153-1.772c-.247-.636-.416-1.363-.
465-2.427-.047-1.024-.06-1.379-.06-3.808v-.63c
0-2.43.013-2.784.06-3.808.049-1.064.218-1.791.
465-2.427a4.902 4.902 0 011.153-1.772A4.902 
4.902 0 015.45 2.525c.636-.247 1.363-.416 
2.427-.465C8.901 2.013 9.256 2 11.685 
2h.63zm-.081 1.802h-.468c-2.456 0-2.784.011-3.
807.058-.975.045-1.504.207-1.857.344-.467.182-
.8.398-1.15.748-.35.35-.566.683-.748 
1.15-.137.353-.3.882-.344 1.857-.047 
1.023-.058 1.351-.058 3.807v.468c0 2.456.011 
2.784.058 3.807.045.975.207 1.504.344 
1.857.182.466.399.8.748 1.15.35.35.683.566 
1.15.748.353.137.882.3 1.857.344 1.054.048 
1.37.058 4.041.058h.08c2.597 0 2.917-.01 
3.96-.058.976-.045 1.505-.207 
1.858-.344.466-.182.8-.398 1.15-.748.35-.35.56
6-.683.748-1.15.137-.353.3-.882.344-1.857.048-
1.055.058-1.37.058-4.041v-.08c0-2.597-.01-2.91
7-.058-3.96-.045-.976-.207-1.505-.344-1.858a3.
097 3.097 0 00-.748-1.15 3.098 3.098 0 00-1.15
-.748c-.353-.137-.882-.3-1.857-.344-1.023-.047
-1.351-.058-3.807-.058zM12 6.865a5.135 5.135 
0 110 10.27 5.135 5.135 0 010-10.27zm0 
1.802a3.333 3.333 0 100 6.666 3.333 3.333 0 
000-6.666zm5.338-3.205a1.2 1.2 0 110 2.4 1.2 
1.2 0 010-2.4z"[39m
                    
[33mfill-rule[39m=[32m"evenodd"[39m
                  [36m/>[39m
                [36m</svg>[39m
              [36m</a>[39m
              [36m<a[39m
                
[33maria-label[39m=[32m"S├¡guenos en 
Facebook"[39m
                [33mclass[39m=[32m"w-10 
h-10 rounded-full bg-white/5 flex 
items-center justify-center text-cream 
hover:bg-caramel hover:text-white 
transition-all"[39m
                [33mhref[39m=[32m"https://f
acebook.com/amaliscafeteria"[39m
                [33mrel[39m=[32m"noopener 
noreferrer"[39m
                
[33mtarget[39m=[32m"_blank"[39m
              [36m>[39m
                [36m<svg[39m
                  
[33maria-hidden[39m=[32m"true"[39m
                  [33mclass[39m=[32m"w-5 
h-5"[39m
                  
[33mfill[39m=[32m"currentColor"[39m
                  [33mviewBox[39m=[32m"0 0 
24 24"[39m
                [36m>[39m
                  [36m<path[39m
                    
[33mclip-rule[39m=[32m"evenodd"[39m
                    [33md[39m=[32m"M22 
12c0-5.523-4.477-10-10-10S2 6.477 2 12c0 
4.991 3.657 9.128 8.438 
9.878v-6.987h-2.54V12h2.54V9.797c0-2.506 
1.492-3.89 3.777-3.89 1.094 0 2.238.195 
2.238.195v2.46h-1.26c-1.243 0-1.63.771-1.63 
1.562V12h2.773l-.443 2.89h-2.33v6.988C18.343 
21.128 22 16.991 22 12z"[39m
                    
[33mfill-rule[39m=[32m"evenodd"[39m
                  [36m/>[39m
                [36m</svg>[39m
              [36m</a>[39m
              [36m<a[39m
                
[33maria-label[39m=[32m"S├¡guenos en 
Twitter"[39m
                [33mclass[39m=[32m"w-10 
h-10 rounded-full bg-white/5 flex 
items-center justify-center text-cream 
hover:bg-caramel hover:text-white 
transition-all"[39m
                [33mhref[39m=[32m"https://t
witter.com/amaliscafeteria"[39m
                [33mrel[39m=[32m"noopener 
noreferrer"[39m
                
[33mtarget[39m=[32m"_blank"[39m
              [36m>[39m
                [36m<svg[39m
                  
[33maria-hidden[39m=[32m"true"[39m
                  [33mclass[39m=[32m"w-5 
h-5"[39m
                  
[33mfill[39m=[32m"currentColor"[39m
                  [33mviewBox[39m=[32m"0 0 
24 24"[39m
                [36m>[39m
                  [36m<path[39m
                    [33md[39m=[32m"M18.244 
2.25h3.308l-7.227 8.26 8.502 
11.24H16.17l-5.214-6.817L4.99 
21.75H1.68l7.73-8.835L1.254 2.25H8.08l4.713 
6.231zm-1.161 17.52h1.833L7.084 
4.126H5.117z"[39m
                  [36m/>[39m
                [36m</svg>[39m
              [36m</a>[39m
            [36m</div>[39m
          [36m</div>[39m
          [36m<div>[39m
            [36m<h4[39m
              [33mclass[39m=[32m"font-bold 
text-cream mb-6 uppercase tracking-widest 
text-sm"[39m
            [36m>[39m
              [0mExplora[0m
            [36m</h4>[39m
            [36m<ul[39m
              
[33mclass[39m=[32m"space-y-4"[39m
            [36m>[39m
              [36m<li>[39m
                [36m<a[39m
                  
[33mclass[39m=[32m"text-cream/60 
hover:text-caramel transition-colors"[39m
                  
[33mhref[39m=[32m"#menu"[39m
                [36m>[39m
                  [0mCarta[0m
                [36m</a>[39m
              [36m</li>[39m
              [36m<li>[39m
                [36m<a[39m
                  
[33mclass[39m=[32m"text-cream/60 
hover:text-caramel transition-colors"[39m
                  
[33mhref[39m=[32m"#about"[39m
                [36m>[39m
                  [0mSobre Nosotros[0m
                [36m</a>[39m
              [36m</li>[39m
              [36m<li>[39m
                [36m<a[39m
                  
[33mclass[39m=[32m"text-cream/60 
hover:text-caramel transition-colors"[39m
                  
[33mhref[39m=[32m"#gallery"[39m
                [36m>[39m
                  [0mGaler├¡a[0m
                [36m</a>[39m
              [36m</li>[39m
              [36m<li>[39m
                [36m<a[39m
                  
[33mclass[39m=[32m"text-cream/60 
hover:text-caramel transition-colors"[39m
                  
[33mhref[39m=[32m"#contact"[39m
                [36m>[39m
                  [0mUbicaci├│n[0m
                [36m</a>[39m
              [36m</li>[39m
            [36m</ul>[39m
          [36m</div>[39m
          [36m<div>[39m
            [36m<h4[39m
              [33mclass[39m=[32m"font-bold 
text-cream mb-6 uppercase tracking-widest 
text-sm"[39m
            [36m>[39m
              [0mContacto[0m
            [36m</h4>[39m
            [36m<ul[39m
              
[33mclass[39m=[32m"space-y-4"[39m
            [36m>[39m
              [36m<li>[39m
                [36m<a[39m
                  
[33mclass[39m=[32m"text-cream/60 
hover:text-caramel transition-colors"[39m
                  
[33mhref[39m=[32m"#contact"[39m
                [36m>[39m
                  [0mVis├¡tanos en Santa 
Pola[0m
                [36m</a>[39m
              [36m</li>[39m
              [36m<li>[39m
                [36m<a[39m
                  
[33mclass[39m=[32m"text-cream/60 
hover:text-caramel transition-colors"[39m
                  
[33mhref[39m=[32m"#contact"[39m
                [36m>[39m
                  [0mContacto[0m
                [36m</a>[39m
              [36m</li>[39m
            [36m</ul>[39m
          [36m</div>[39m
          [36m<div>[39m
            [36m<h4[39m
              [33mclass[39m=[32m"font-bold 
text-cream mb-6 uppercase tracking-widest 
text-sm"[39m
            [36m>[39m
              [0mHorario[0m
            [36m</h4>[39m
            [36m<ul[39m
              
[33mclass[39m=[32m"space-y-4"[39m
            [36m>[39m
              [36m<li[39m
                
[33mclass[39m=[32m"text-cream/60"[39m
              [36m>[39m
                [36m<span[39m
                  
[33mclass[39m=[32m"font-medium 
text-cream"[39m
                [36m>[39m
                  [0mLunes - Domingo[0m
                [36m</span>[39m
                [36m<br />[39m
                [36m<span>[39m
                  [0m07:00 - 21:00[0m
                [36m</span>[39m
              [36m</li>[39m
            [36m</ul>[39m
          [36m</div>[39m
        [36m</div>[39m
        [36m<div[39m
          [33mclass[39m=[32m"pt-10 
border-t border-white/10 flex flex-col 
md:flex-row justify-between items-center 
gap-6"[39m
        [36m>[39m
          [36m<p[39m
            
[33mclass[39m=[32m"text-cream/40 
text-sm"[39m
          [36m>[39m
            [0m┬® [0m
            [0m2026[0m
            [0m Amalis Cafeter├¡a. Todos los 
derechos reservados.[0m
          [36m</p>[39m
          [36m<div[39m
            [33mclass[39m=[32m"flex 
space-x-8 text-sm text-cream/40"[39m
          [36m>[39m
            [36m<a[39m
              
[33mclass[39m=[32m"hover:text-brownie"[39m
              [33mhref[39m=[32m"#"[39m
            [36m>[39m
              [0mPrivacidad[0m
            [36m</a>[39m
            [36m<a[39m
              
[33mclass[39m=[32m"hover:text-brownie"[39m
              [33mhref[39m=[32m"#"[39m
            [36m>[39m
              [0mCookies[0m
            [36m</a>[39m
          [36m</div>[39m
        [36m</div>[39m
      [36m</div>[39m
    [36m</footer>[39m
  [36m</div>[39m
[36m</body>[39m
[90m [2mÔØ»[22m Object.getElementError node
_modules/@testing-library/dom/dist/config.js:
[2m37:19[22m[39m
[90m [2mÔØ»[22m node_modules/@testing-libra
ry/dom/dist/query-helpers.js:[2m76:38[22m[3
9m
[90m [2mÔØ»[22m node_modules/@testing-libra
ry/dom/dist/query-helpers.js:[2m52:17[22m[3
9m
[90m [2mÔØ»[22m node_modules/@testing-libra
ry/dom/dist/query-helpers.js:[2m95:19[22m[3
9m
[36m [2mÔØ»[22m src/test/components.test.ts
x:[2m183:23[22m[39m
    [90m181| [39m        
[34mrender[39m([33m<[39m[33mFooter[39m 
[33m/[39m[33m>[39m)
    [90m182| [39m        
expect(screen.getByRole('heading', { name: 
/horario/i })).toBeÔÇª
    [90m183| [39m        [34mexpect[39m(sc
reen[33m.[39m[34mgetByText[39m([32m'Lunes
 - Viernes'[39m))[33m.[39m[34mtoBeInTheDoc
ument[39m()
    [90m   | [39m                      
[31m^[39m
    [90m184| [39m        [34mexpect[39m(sc
reen[33m.[39m[34mgetByText[39m([32m'08:00
 - 20:00'[39m))[33m.[39m[34mtoBeInTheDocum
ent[39m()
    [90m185| [39m        [34mexpect[39m(sc
reen[33m.[39m[34mgetByText[39m([32m'S├íba
do'[39m))[33m.[39m[34mtoBeInTheDocument[3
9m()

[31m[2mÔÄ»ÔÄ»ÔÄ»ÔÄ»ÔÄ»ÔÄ»ÔÄ»ÔÄ»ÔÄ»ÔÄ»ÔÄ»ÔÄ»Ô
Ä»ÔÄ»ÔÄ»ÔÄ»ÔÄ»ÔÄ»ÔÄ»ÔÄ»ÔÄ»ÔÄ»ÔÄ»[4/26]ÔÄ»[22m
[39m

[41m[1m FAIL [22m[49m 
src/test/components.test.tsx[2m > 
[22mTestimonials[2m > [22mrenders 
testimonial names
[31m[1mTestingLibraryElementError[22m[39m:
 Unable to find an element with the text: 
Josefina Clara. This could be because the 
text is broken up by multiple elements. In 
this case, you can provide a function for 
your text matcher to make your matcher more 
flexible.

Ignored nodes: comments, script, style
[36m<body>[39m
  [36m<div>[39m
    [36m<div[39m
      [33mclass[39m=[32m"max-w-7xl mx-auto 
px-6 py-20"[39m
    [36m>[39m
      [36m<div[39m
        [33mclass[39m=[32m"text-center 
mb-20"[39m
      [36m>[39m
        [36m<div[39m
          [33mclass[39m=[32m" "[39m
          [33mstyle[39m=[32m"position: 
relative; width: 100%; overflow: 
visible;"[39m
        [36m>[39m
          [36m<div[39m
            [33mclass[39m=[32m""[39m
            [33mstyle[39m=[32m"opacity: 0; 
transform: translateY(75px);"[39m
          [36m>[39m
            [36m<h2[39m
              [33mclass[39m=[32m"text-4xl 
md:text-5xl font-serif text-cream font-bold 
mb-6"[39m
            [36m>[39m
              [0mLo que dicen nuestros 
clientes[0m
            [36m</h2>[39m
          [36m</div>[39m
        [36m</div>[39m
        [36m<div[39m
          [33mclass[39m=[32m" "[39m
          [33mstyle[39m=[32m"position: 
relative; width: 100%; overflow: 
visible;"[39m
        [36m>[39m
          [36m<div[39m
            [33mclass[39m=[32m""[39m
            [33mstyle[39m=[32m"opacity: 0; 
transform: translateY(75px);"[39m
          [36m>[39m
            [36m<div[39m
              [33mclass[39m=[32m"w-24 
h-1.5 bg-caramel mx-auto rounded-full"[39m
            [36m/>[39m
          [36m</div>[39m
        [36m</div>[39m
      [36m</div>[39m
      [36m<div[39m
        [33mclass[39m=[32m"md:hidden flex 
overflow-x-auto snap-x snap-mandatory gap-4 
pb-6 -mx-6 px-6"[39m
        
[33mstyle[39m=[32m"scroll-behavior: 
smooth; -webkit-overflow-scrolling: 
touch;"[39m
      [36m>[39m
        [36m<div[39m
          [33mclass[39m=[32m"flex-shrink-0 
w-[85vw] snap-center "[39m
        [36m>[39m
          [36m<div[39m
            [33mclass[39m=[32m"group 
relative mt-16 bg-white/5 hover:bg-white/10 
backdrop-blur-md p-8 pb-10 rounded-[2rem] 
shadow-lg hover:shadow-[0_20px_50px_-12px_rgba
(196,167,125,0.15)] border border-white/10 
hover:border-caramel/30 transition-all 
duration-500 pt-20 flex flex-col h-full"[39m
            [33mstyle[39m=[32m"opacity: 0; 
transform: translateY(50px);"[39m
          [36m>[39m
            [36m<div[39m
              [33mclass[39m=[32m"absolute 
-top-14 left-1/2 -translate-x-1/2 w-full flex 
justify-center"[39m
            [36m>[39m
              [36m<div[39m
                
[33mclass[39m=[32m"relative"[39m
              [36m>[39m
                [36m<div[39m
                  [33mclass[39m=[32m"w-28 
h-28 rounded-full border-4 border-white/5 
shadow-xl overflow-hidden 
group-hover:scale-105 transition-transform 
duration-500 group-hover:shadow-caramel/20 
group-hover:ring-4 
group-hover:ring-caramel/20"[39m
                [36m>[39m
                  [36m<img[39m
                    
[33malt[39m=[32m"Mar├¡a G├│mez"[39m
                    
[33mclass[39m=[32m"w-full h-full 
object-cover"[39m
                    [33msrc[39m=[32m"https:
//images.unsplash.com/photo-1524504388940-b1c1
722653e1?auto=format&fit=crop&w=150&h=150&q=80
"[39m
                  [36m/>[39m
                [36m</div>[39m
                [36m<div[39m
                  
[33mclass[39m=[32m"absolute bottom-1 
right-1 bg-caramel text-white p-1.5 
rounded-full shadow-md border-2 
border-transparent group-hover:bg-brownie 
transition-colors duration-300"[39m
                [36m>[39m
                  [36m<svg[39m
                    [33mclass[39m=[32m"w-3 
h-3"[39m
                    
[33mfill[39m=[32m"currentColor"[39m
                    [33mviewBox[39m=[32m"0 
0 20 20"[39m
                  [36m>[39m
                    [36m<path[39m
                      
[33mclip-rule[39m=[32m"evenodd"[39m
                      
[33md[39m=[32m"M16.707 5.293a1 1 0 010 
1.414l-8 8a1 1 0 01-1.414 0l-4-4a1 1 0 
011.414-1.414L8 12.586l7.293-7.293a1 1 0 
011.414 0z"[39m
                      
[33mfill-rule[39m=[32m"evenodd"[39m
                    [36m/>[39m
                  [36m</svg>[39m
                [36m</div>[39m
              [36m</div>[39m
            [36m</div>[39m
            [36m<div[39m
              
[33mclass[39m=[32m"text-caramel mb-6 flex 
justify-center gap-1.5 pt-4"[39m
            [36m>[39m
              [36m<svg[39m
                [33mclass[39m=[32m"w-5 h-5 
fill-current drop-shadow-sm"[39m
                
[33mstyle[39m=[32m"opacity: 0; transform: 
scale(0);"[39m
                [33mviewBox[39m=[32m"0 0 
20 20"[39m
              [36m>[39m
                [36m<path[39m
                  [33md[39m=[32m"M9.049 
2.927c.3-.921 1.603-.921 1.902 0l1.07 3.292a1 
1 0 00.95.69h3.462c.969 0 1.371 1.24.588 
1.81l-2.8 2.034a1 1 0 00-.364 1.118l1.07 
3.292c.3.921-.755 1.688-1.54 
1.118l-2.8-2.034a1 1 0 00-1.175 0l-2.8 2.034c-
.784.57-1.838-.197-1.539-1.118l1.07-3.292a1 1 
0 00-.364-1.118L2.98 
8.72c-.783-.57-.38-1.81.588-1.81h3.461a1 1 0 
00.951-.69l1.07-3.292z"[39m
                [36m/>[39m
              [36m</svg>[39m
              [36m<svg[39m
                [33mclass[39m=[32m"w-5 h-5 
fill-current drop-shadow-sm"[39m
                
[33mstyle[39m=[32m"opacity: 0; transform: 
scale(0);"[39m
                [33mviewBox[39m=[32m"0 0 
20 20"[39m
              [36m>[39m
                [36m<path[39m
                  [33md[39m=[32m"M9.049 
2.927c.3-.921 1.603-.921 1.902 0l1.07 3.292a1 
1 0 00.95.69h3.462c.969 0 1.371 1.24.588 
1.81l-2.8 2.034a1 1 0 00-.364 1.118l1.07 
3.292c.3.921-.755 1.688-1.54 
1.118l-2.8-2.034a1 1 0 00-1.175 0l-2.8 2.034c-
.784.57-1.838-.197-1.539-1.118l1.07-3.292a1 1 
0 00-.364-1.118L2.98 
8.72c-.783-.57-.38-1.81.588-1.81h3.461a1 1 0 
00.951-.69l1.07-3.292z"[39m
                [36m/>[39m
              [36m</svg>[39m
              [36m<svg[39m
                [33mclass[39m=[32m"w-5 h-5 
fill-current drop-shadow-sm"[39m
                
[33mstyle[39m=[32m"opacity: 0; transform: 
scale(0);"[39m
                [33mviewBox[39m=[32m"0 0 
20 20"[39m
              [36m>[39m
                [36m<path[39m
                  [33md[39m=[32m"M9.049 
2.927c.3-.921 1.603-.921 1.902 0l1.07 3.292a1 
1 0 00.95.69h3.462c.969 0 1.371 1.24.588 
1.81l-2.8 2.034a1 1 0 00-.364 1.118l1.07 
3.292c.3.921-.755 1.688-1.54 
1.118l-2.8-2.034a1 1 0 00-1.175 0l-2.8 2.034c-
.784.57-1.838-.197-1.539-1.118l1.07-3.292a1 1 
0 00-.364-1.118L2.98 
8.72c-.783-.57-.38-1.81.588-1.81h3.461a1 1 0 
00.951-.69l1.07-3.292z"[39m
                [36m/>[39m
              [36m</svg>[39m
              [36m<svg[39m
                [33mclass[39m=[32m"w-5 h-5 
fill-current drop-shadow-sm"[39m
                
[33mstyle[39m=[32m"opacity: 0; transform: 
scale(0);"[39m
                [33mviewBox[39m=[32m"0 0 
20 20"[39m
              [36m>[39m
                [36m<path[39m
                  [33md[39m=[32m"M9.049 
2.927c.3-.921 1.603-.921 1.902 0l1.07 3.292a1 
1 0 00.95.69h3.462c.969 0 1.371 1.24.588 
1.81l-2.8 2.034a1 1 0 00-.364 1.118l1.07 
3.292c...
[90m [2mÔØ»[22m Object.getElementError node
_modules/@testing-library/dom/dist/config.js:
[2m37:19[22m[39m
[90m [2mÔØ»[22m node_modules/@testing-libra
ry/dom/dist/query-helpers.js:[2m76:38[22m[3
9m
[90m [2mÔØ»[22m node_modules/@testing-libra
ry/dom/dist/query-helpers.js:[2m109:15[22m[
39m
[36m [2mÔØ»[22m src/test/components.test.ts
x:[2m263:23[22m[39m
    [90m261| [39m        [34mrender[39m([
33m<[39m[33mTestimonials[39m 
[33m/[39m[33m>[39m)
    [90m262| [39m        [90m// Names may 
appear multiple times due to responsive 
carousel[39m
    [90m263| [39m        
expect(screen.getAllByText('Josefina 
Clara').length).toBeGreatÔÇª
    [90m   | [39m                      
[31m^[39m
    [90m264| [39m        
expect(screen.getAllByText('Anas 
Iqbal').length).toBeGreaterThÔÇª
    [90m265| [39m    })

[31m[2mÔÄ»ÔÄ»ÔÄ»ÔÄ»ÔÄ»ÔÄ»ÔÄ»ÔÄ»ÔÄ»ÔÄ»ÔÄ»ÔÄ»Ô
Ä»ÔÄ»ÔÄ»ÔÄ»ÔÄ»ÔÄ»ÔÄ»ÔÄ»ÔÄ»ÔÄ»ÔÄ»[5/26]ÔÄ»[22m
[39m

[41m[1m FAIL [22m[49m 
src/test/components.test.tsx[2m > 
[22mTestimonials[2m > [22mrenders 
testimonial roles
[31m[1mTestingLibraryElementError[22m[39m:
 Unable to find an element with the text: 
Blogger Gastron├│mico. This could be because 
the text is broken up by multiple elements. 
In this case, you can provide a function for 
your text matcher to make your matcher more 
flexible.

Ignored nodes: comments, script, style
[36m<body>[39m
  [36m<div>[39m
    [36m<div[39m
      [33mclass[39m=[32m"max-w-7xl mx-auto 
px-6 py-20"[39m
    [36m>[39m
      [36m<div[39m
        [33mclass[39m=[32m"text-center 
mb-20"[39m
      [36m>[39m
        [36m<div[39m
          [33mclass[39m=[32m" "[39m
          [33mstyle[39m=[32m"position: 
relative; width: 100%; overflow: 
visible;"[39m
        [36m>[39m
          [36m<div[39m
            [33mclass[39m=[32m""[39m
            [33mstyle[39m=[32m"opacity: 0; 
transform: translateY(75px);"[39m
          [36m>[39m
            [36m<h2[39m
              [33mclass[39m=[32m"text-4xl 
md:text-5xl font-serif text-cream font-bold 
mb-6"[39m
            [36m>[39m
              [0mLo que dicen nuestros 
clientes[0m
            [36m</h2>[39m
          [36m</div>[39m
        [36m</div>[39m
        [36m<div[39m
          [33mclass[39m=[32m" "[39m
          [33mstyle[39m=[32m"position: 
relative; width: 100%; overflow: 
visible;"[39m
        [36m>[39m
          [36m<div[39m
            [33mclass[39m=[32m""[39m
            [33mstyle[39m=[32m"opacity: 0; 
transform: translateY(75px);"[39m
          [36m>[39m
            [36m<div[39m
              [33mclass[39m=[32m"w-24 
h-1.5 bg-caramel mx-auto rounded-full"[39m
            [36m/>[39m
          [36m</div>[39m
        [36m</div>[39m
      [36m</div>[39m
      [36m<div[39m
        [33mclass[39m=[32m"md:hidden flex 
overflow-x-auto snap-x snap-mandatory gap-4 
pb-6 -mx-6 px-6"[39m
        
[33mstyle[39m=[32m"scroll-behavior: 
smooth; -webkit-overflow-scrolling: 
touch;"[39m
      [36m>[39m
        [36m<div[39m
          [33mclass[39m=[32m"flex-shrink-0 
w-[85vw] snap-center "[39m
        [36m>[39m
          [36m<div[39m
            [33mclass[39m=[32m"group 
relative mt-16 bg-white/5 hover:bg-white/10 
backdrop-blur-md p-8 pb-10 rounded-[2rem] 
shadow-lg hover:shadow-[0_20px_50px_-12px_rgba
(196,167,125,0.15)] border border-white/10 
hover:border-caramel/30 transition-all 
duration-500 pt-20 flex flex-col h-full"[39m
            [33mstyle[39m=[32m"opacity: 0; 
transform: translateY(50px);"[39m
          [36m>[39m
            [36m<div[39m
              [33mclass[39m=[32m"absolute 
-top-14 left-1/2 -translate-x-1/2 w-full flex 
justify-center"[39m
            [36m>[39m
              [36m<div[39m
                
[33mclass[39m=[32m"relative"[39m
              [36m>[39m
                [36m<div[39m
                  [33mclass[39m=[32m"w-28 
h-28 rounded-full border-4 border-white/5 
shadow-xl overflow-hidden 
group-hover:scale-105 transition-transform 
duration-500 group-hover:shadow-caramel/20 
group-hover:ring-4 
group-hover:ring-caramel/20"[39m
                [36m>[39m
                  [36m<img[39m
                    
[33malt[39m=[32m"Mar├¡a G├│mez"[39m
                    
[33mclass[39m=[32m"w-full h-full 
object-cover"[39m
                    [33msrc[39m=[32m"https:
//images.unsplash.com/photo-1524504388940-b1c1
722653e1?auto=format&fit=crop&w=150&h=150&q=80
"[39m
                  [36m/>[39m
                [36m</div>[39m
                [36m<div[39m
                  
[33mclass[39m=[32m"absolute bottom-1 
right-1 bg-caramel text-white p-1.5 
rounded-full shadow-md border-2 
border-transparent group-hover:bg-brownie 
transition-colors duration-300"[39m
                [36m>[39m
                  [36m<svg[39m
                    [33mclass[39m=[32m"w-3 
h-3"[39m
                    
[33mfill[39m=[32m"currentColor"[39m
                    [33mviewBox[39m=[32m"0 
0 20 20"[39m
                  [36m>[39m
                    [36m<path[39m
                      
[33mclip-rule[39m=[32m"evenodd"[39m
                      
[33md[39m=[32m"M16.707 5.293a1 1 0 010 
1.414l-8 8a1 1 0 01-1.414 0l-4-4a1 1 0 
011.414-1.414L8 12.586l7.293-7.293a1 1 0 
011.414 0z"[39m
                      
[33mfill-rule[39m=[32m"evenodd"[39m
                    [36m/>[39m
                  [36m</svg>[39m
                [36m</div>[39m
              [36m</div>[39m
            [36m</div>[39m
            [36m<div[39m
              
[33mclass[39m=[32m"text-caramel mb-6 flex 
justify-center gap-1.5 pt-4"[39m
            [36m>[39m
              [36m<svg[39m
                [33mclass[39m=[32m"w-5 h-5 
fill-current drop-shadow-sm"[39m
                
[33mstyle[39m=[32m"opacity: 0; transform: 
scale(0);"[39m
                [33mviewBox[39m=[32m"0 0 
20 20"[39m
              [36m>[39m
                [36m<path[39m
                  [33md[39m=[32m"M9.049 
2.927c.3-.921 1.603-.921 1.902 0l1.07 3.292a1 
1 0 00.95.69h3.462c.969 0 1.371 1.24.588 
1.81l-2.8 2.034a1 1 0 00-.364 1.118l1.07 
3.292c.3.921-.755 1.688-1.54 
1.118l-2.8-2.034a1 1 0 00-1.175 0l-2.8 2.034c-
.784.57-1.838-.197-1.539-1.118l1.07-3.292a1 1 
0 00-.364-1.118L2.98 
8.72c-.783-.57-.38-1.81.588-1.81h3.461a1 1 0 
00.951-.69l1.07-3.292z"[39m
                [36m/>[39m
              [36m</svg>[39m
              [36m<svg[39m
                [33mclass[39m=[32m"w-5 h-5 
fill-current drop-shadow-sm"[39m
                
[33mstyle[39m=[32m"opacity: 0; transform: 
scale(0);"[39m
                [33mviewBox[39m=[32m"0 0 
20 20"[39m
              [36m>[39m
                [36m<path[39m
                  [33md[39m=[32m"M9.049 
2.927c.3-.921 1.603-.921 1.902 0l1.07 3.292a1 
1 0 00.95.69h3.462c.969 0 1.371 1.24.588 
1.81l-2.8 2.034a1 1 0 00-.364 1.118l1.07 
3.292c.3.921-.755 1.688-1.54 
1.118l-2.8-2.034a1 1 0 00-1.175 0l-2.8 2.034c-
.784.57-1.838-.197-1.539-1.118l1.07-3.292a1 1 
0 00-.364-1.118L2.98 
8.72c-.783-.57-.38-1.81.588-1.81h3.461a1 1 0 
00.951-.69l1.07-3.292z"[39m
                [36m/>[39m
              [36m</svg>[39m
              [36m<svg[39m
                [33mclass[39m=[32m"w-5 h-5 
fill-current drop-shadow-sm"[39m
                
[33mstyle[39m=[32m"opacity: 0; transform: 
scale(0);"[39m
                [33mviewBox[39m=[32m"0 0 
20 20"[39m
              [36m>[39m
                [36m<path[39m
                  [33md[39m=[32m"M9.049 
2.927c.3-.921 1.603-.921 1.902 0l1.07 3.292a1 
1 0 00.95.69h3.462c.969 0 1.371 1.24.588 
1.81l-2.8 2.034a1 1 0 00-.364 1.118l1.07 
3.292c.3.921-.755 1.688-1.54 
1.118l-2.8-2.034a1 1 0 00-1.175 0l-2.8 2.034c-
.784.57-1.838-.197-1.539-1.118l1.07-3.292a1 1 
0 00-.364-1.118L2.98 
8.72c-.783-.57-.38-1.81.588-1.81h3.461a1 1 0 
00.951-.69l1.07-3.292z"[39m
                [36m/>[39m
              [36m</svg>[39m
              [36m<svg[39m
                [33mclass[39m=[32m"w-5 h-5 
fill-current drop-shadow-sm"[39m
                
[33mstyle[39m=[32m"opacity: 0; transform: 
scale(0);"[39m
                [33mviewBox[39m=[32m"0 0 
20 20"[39m
              [36m>[39m
                [36m<path[39m
                  [33md[39m=[32m"M9.049 
2.927c.3-.921 1.603-.921 1.902 0l1.07 3.292a1 
1 0 00.95.69h3.462c.969 0 1.371 1.24.588 
1.81l-2.8 2.034a1 1 0 00-.364 1.118l1.07 
3.292c...
[90m [2mÔØ»[22m Object.getElementError node
_modules/@testing-library/dom/dist/config.js:
[2m37:19[22m[39m
[90m [2mÔØ»[22m node_modules/@testing-libra
ry/dom/dist/query-helpers.js:[2m76:38[22m[3
9m
[90m [2mÔØ»[22m node_modules/@testing-libra
ry/dom/dist/query-helpers.js:[2m109:15[22m[
39m
[36m [2mÔØ»[22m src/test/components.test.ts
x:[2m270:23[22m[39m
    [90m268| [39m        [34mrender[39m([
33m<[39m[33mTestimonials[39m 
[33m/[39m[33m>[39m)
    [90m269| [39m        
expect(screen.getAllByText('Cliente 
Habitual').length).toBeGreÔÇª
    [90m270| [39m        
expect(screen.getAllByText('Blogger 
Gastron├│mico').length).toBÔÇª
    [90m   | [39m                      
[31m^[39m
    [90m271| [39m    })
    [90m272| [39m})

[31m[2mÔÄ»ÔÄ»ÔÄ»ÔÄ»ÔÄ»ÔÄ»ÔÄ»ÔÄ»ÔÄ»ÔÄ»ÔÄ»ÔÄ»Ô
Ä»ÔÄ»ÔÄ»ÔÄ»ÔÄ»ÔÄ»ÔÄ»ÔÄ»ÔÄ»ÔÄ»ÔÄ»[6/26]ÔÄ»[22m
[39m

[41m[1m FAIL [22m[49m 
src/test/components.test.tsx[2m > 
[22mWhyChooseUs[2m > [22mrenders section 
heading
[31m[1mTestingLibraryElementError[22m[39m:
 Unable to find an element with the text: 
┬┐Por qu├® elegirnos?. This could be because 
the text is broken up by multiple elements. 
In this case, you can provide a function for 
your text matcher to make your matcher more 
flexible.

Ignored nodes: comments, script, style
[36m<body>[39m
  [36m<div>[39m
    [36m<div[39m
      [33mclass[39m=[32m"max-w-7xl mx-auto 
px-6"[39m
    [36m>[39m
      [36m<div[39m
        [33mclass[39m=[32m"text-center 
mb-16"[39m
      [36m>[39m
        [36m<div[39m
          [33mclass[39m=[32m" "[39m
          [33mstyle[39m=[32m"position: 
relative; width: 100%; overflow: 
visible;"[39m
        [36m>[39m
          [36m<div[39m
            [33mclass[39m=[32m""[39m
            [33mstyle[39m=[32m"opacity: 0; 
transform: translateY(75px);"[39m
          [36m>[39m
            [36m<h2[39m
              [33mclass[39m=[32m"text-4xl 
md:text-5xl font-serif text-cream 
font-bold"[39m
            [36m>[39m
              [0mNuestra Filosof├¡a[0m
            [36m</h2>[39m
          [36m</div>[39m
        [36m</div>[39m
      [36m</div>[39m
      [36m<div[39m
        [33mclass[39m=[32m"md:hidden flex 
overflow-x-auto snap-x snap-mandatory gap-4 
pb-6 -mx-6 px-6"[39m
        
[33mstyle[39m=[32m"scroll-behavior: 
smooth; -webkit-overflow-scrolling: 
touch;"[39m
      [36m>[39m
        [36m<div[39m
          [33mclass[39m=[32m"flex-shrink-0 
w-[85vw] snap-center "[39m
        [36m>[39m
          [36m<div[39m
            [33mclass[39m=[32m" 
h-full"[39m
            [33mstyle[39m=[32m"position: 
relative; width: 100%; overflow: 
visible;"[39m
          [36m>[39m
            [36m<div[39m
              
[33mclass[39m=[32m"h-full"[39m
              [33mstyle[39m=[32m"opacity: 
0; transform: translateY(75px);"[39m
            [36m>[39m
              [36m<div[39m
                [33mclass[39m=[32m"flex 
flex-col items-center text-center group 
h-full"[39m
              [36m>[39m
                [36m<div[39m
                  [33mclass[39m=[32m"w-32 
h-32 md:w-48 md:h-48 rounded-full 
overflow-hidden mb-6 md:mb-8 border-4 
border-white/10 shadow-xl transform 
transition-transform group-hover:scale-105 
group-hover:rotate-3"[39m
                [36m>[39m
                  [36m<img[39m
                    
[33malt[39m=[32m"Panadero artesano 
trabajando la masa tradicional"[39m
                    
[33mclass[39m=[32m"w-full h-full 
object-cover img-unified"[39m
                    [33msrc[39m=[32m"https:
//images.unsplash.com/photo-1509440159596-0249
088772ff?auto=format&fit=crop&q=80&w=400"[39m
                  [36m/>[39m
                [36m</div>[39m
                [36m<h4[39m
                  
[33mclass[39m=[32m"text-2xl font-serif 
font-bold text-cream mb-4"[39m
                [36m>[39m
                  [0mTradici├│n[0m
                [36m</h4>[39m
                [36m<p[39m
                  
[33mclass[39m=[32m"text-cream/70 
leading-relaxed mb-6"[39m
                [36m>[39m
                  [0mCreemos que la 
tradici├│n merece un lugar privilegiado. 
Aqu├¡ huele a pan reci├®n hecho desde bien 
temprano.[0m
                [36m</p>[39m
                [36m<button[39m
                  [33mclass[39m=[32m"px-6 
py-2 bg-white/10 text-cream font-bold 
rounded-full shadow-sm border border-white/20 
hover:bg-caramel hover:text-white 
transition-all cursor-pointer mt-auto 
backdrop-blur-sm"[39m
                [36m>[39m
                  [0mSaber m├ís[0m
                [36m</button>[39m
              [36m</div>[39m
            [36m</div>[39m
          [36m</div>[39m
        [36m</div>[39m
        [36m<div[39m
          [33mclass[39m=[32m"flex-shrink-0 
w-[85vw] snap-center "[39m
        [36m>[39m
          [36m<div[39m
            [33mclass[39m=[32m" 
h-full"[39m
            [33mstyle[39m=[32m"position: 
relative; width: 100%; overflow: 
visible;"[39m
          [36m>[39m
            [36m<div[39m
              
[33mclass[39m=[32m"h-full"[39m
              [33mstyle[39m=[32m"opacity: 
0; transform: translateY(75px);"[39m
            [36m>[39m
              [36m<div[39m
                [33mclass[39m=[32m"flex 
flex-col items-center text-center group 
h-full"[39m
              [36m>[39m
                [36m<div[39m
                  [33mclass[39m=[32m"w-32 
h-32 md:w-48 md:h-48 rounded-full 
overflow-hidden mb-6 md:mb-8 border-4 
border-white/10 shadow-xl transform 
transition-transform group-hover:scale-105 
group-hover:rotate-3"[39m
                [36m>[39m
                  [36m<img[39m
                    
[33malt[39m=[32m"Proceso de horneado lento 
y cuidado"[39m
                    
[33mclass[39m=[32m"w-full h-full 
object-cover img-unified"[39m
                    [33msrc[39m=[32m"https:
//images.unsplash.com/photo-1555507036-ab1f403
8808a?auto=format&fit=crop&q=80&w=400"[39m
                  [36m/>[39m
                [36m</div>[39m
                [36m<h4[39m
                  
[33mclass[39m=[32m"text-2xl font-serif 
font-bold text-cream mb-4"[39m
                [36m>[39m
                  [0mSin Atajos[0m
                [36m</h4>[39m
                [36m<p[39m
                  
[33mclass[39m=[32m"text-cream/70 
leading-relaxed mb-6"[39m
                [36m>[39m
                  [0mCero procesos 
industriales. La verdadera artesan├¡a no 
tiene modo r├ípido.[0m
                [36m</p>[39m
                [36m<button[39m
                  [33mclass[39m=[32m"px-6 
py-2 bg-white/10 text-cream font-bold 
rounded-full shadow-sm border border-white/20 
hover:bg-caramel hover:text-white 
transition-all cursor-pointer mt-auto 
backdrop-blur-sm"[39m
                [36m>[39m
                  [0mSaber m├ís[0m
                [36m</button>[39m
              [36m</div>[39m
            [36m</div>[39m
          [36m</div>[39m
        [36m</div>[39m
        [36m<div[39m
          [33mclass[39m=[32m"flex-shrink-0 
w-[85vw] snap-center "[39m
        [36m>[39m
          [36m<div[39m
            [33mclass[39m=[32m" 
h-full"[39m
            [33mstyle[39m=[32m"position: 
relative; width: 100%; overflow: 
visible;"[39m
          [36m>[39m
            [36m<div[39m
              
[33mclass[39m=[32m"h-full"[39m
              [33mstyle[39m=[32m"opacity: 
0; transform: translateY(75px);"[39m
            [36m>[39m
              [36m<div[39m
                [33mclass[39m=[32m"flex 
flex-col items-center text-center group 
h-full"[39m
              [36m>[39m
                [36m<div[39m
                  [33mclass[39m=[32m"w-32 
h-32 md:w-48 md:h-48 rounded-full 
overflow-hidden mb-6 md:mb-8 border-4 
border-white/10 shadow-xl transform 
transition-transform group-hover:scale-105 
group-hover:rotate-3"[39m
                [36m>[39m
                  [36m<img[39m
                    [33malt[39m=[32m"Manos 
artesanas preparando caf├® y reposter├¡a"[39m
                    
[33mclass[39m=[32m"w-full h-full 
object-cover img-unified"[39m
                    [33msrc[39m=[32m"https:
//images.unsplash.com/photo-1541167760496-1628
856ab752?auto=format&fit=crop&q=80&w=400"[39m
                  [36m/>[3...
[90m [2mÔØ»[22m Object.getElementError node
_modules/@testing-library/dom/dist/config.js:
[2m37:19[22m[39m
[90m [2mÔØ»[22m node_modules/@testing-libra
ry/dom/dist/query-helpers.js:[2m76:38[22m[3
9m
[90m [2mÔØ»[22m node_modules/@testing-libra
ry/dom/dist/query-helpers.js:[2m52:17[22m[3
9m
[90m [2mÔØ»[22m node_modules/@testing-libra
ry/dom/dist/query-helpers.js:[2m95:19[22m[3
9m
[36m [2mÔØ»[22m src/test/components.test.ts
x:[2m280:23[22m[39m
    [90m278| [39m    
[34mit[39m([32m'renders section 
heading'[39m[33m,[39m () [33m=>[39m {
    [90m279| [39m        [34mrender[39m([
33m<[39m[33mWhyChooseUs[39m 
[33m/[39m[33m>[39m)
    [90m280| [39m        
expect(screen.getByText('┬┐Por qu├® 
elegirnos?')).toBeInTheDocumÔÇª
    [90m   | [39m                      
[31m^[39m
    [90m281| [39m    })
    [90m282| [39m

[31m[2mÔÄ»ÔÄ»ÔÄ»ÔÄ»ÔÄ»ÔÄ»ÔÄ»ÔÄ»ÔÄ»ÔÄ»ÔÄ»ÔÄ»Ô
Ä»ÔÄ»ÔÄ»ÔÄ»ÔÄ»ÔÄ»ÔÄ»ÔÄ»ÔÄ»ÔÄ»ÔÄ»[7/26]ÔÄ»[22m
[39m

[41m[1m FAIL [22m[49m 
src/test/components.test.tsx[2m > 
[22mWhyChooseUs[2m > [22mrenders Pan 
Artesanal feature
[31m[1mTestingLibraryElementError[22m[39m:
 Unable to find an element with the text: Pan 
Artesanal. This could be because the text is 
broken up by multiple elements. In this case, 
you can provide a function for your text 
matcher to make your matcher more flexible.

Ignored nodes: comments, script, style
[36m<body>[39m
  [36m<div>[39m
    [36m<div[39m
      [33mclass[39m=[32m"max-w-7xl mx-auto 
px-6"[39m
    [36m>[39m
      [36m<div[39m
        [33mclass[39m=[32m"text-center 
mb-16"[39m
      [36m>[39m
        [36m<div[39m
          [33mclass[39m=[32m" "[39m
          [33mstyle[39m=[32m"position: 
relative; width: 100%; overflow: 
visible;"[39m
        [36m>[39m
          [36m<div[39m
            [33mclass[39m=[32m""[39m
            [33mstyle[39m=[32m"opacity: 0; 
transform: translateY(75px);"[39m
          [36m>[39m
            [36m<h2[39m
              [33mclass[39m=[32m"text-4xl 
md:text-5xl font-serif text-cream 
font-bold"[39m
            [36m>[39m
              [0mNuestra Filosof├¡a[0m
            [36m</h2>[39m
          [36m</div>[39m
        [36m</div>[39m
      [36m</div>[39m
      [36m<div[39m
        [33mclass[39m=[32m"md:hidden flex 
overflow-x-auto snap-x snap-mandatory gap-4 
pb-6 -mx-6 px-6"[39m
        
[33mstyle[39m=[32m"scroll-behavior: 
smooth; -webkit-overflow-scrolling: 
touch;"[39m
      [36m>[39m
        [36m<div[39m
          [33mclass[39m=[32m"flex-shrink-0 
w-[85vw] snap-center "[39m
        [36m>[39m
          [36m<div[39m
            [33mclass[39m=[32m" 
h-full"[39m
            [33mstyle[39m=[32m"position: 
relative; width: 100%; overflow: 
visible;"[39m
          [36m>[39m
            [36m<div[39m
              
[33mclass[39m=[32m"h-full"[39m
              [33mstyle[39m=[32m"opacity: 
0; transform: translateY(75px);"[39m
            [36m>[39m
              [36m<div[39m
                [33mclass[39m=[32m"flex 
flex-col items-center text-center group 
h-full"[39m
              [36m>[39m
                [36m<div[39m
                  [33mclass[39m=[32m"w-32 
h-32 md:w-48 md:h-48 rounded-full 
overflow-hidden mb-6 md:mb-8 border-4 
border-white/10 shadow-xl transform 
transition-transform group-hover:scale-105 
group-hover:rotate-3"[39m
                [36m>[39m
                  [36m<img[39m
                    
[33malt[39m=[32m"Panadero artesano 
trabajando la masa tradicional"[39m
                    
[33mclass[39m=[32m"w-full h-full 
object-cover img-unified"[39m
                    [33msrc[39m=[32m"https:
//images.unsplash.com/photo-1509440159596-0249
088772ff?auto=format&fit=crop&q=80&w=400"[39m
                  [36m/>[39m
                [36m</div>[39m
                [36m<h4[39m
                  
[33mclass[39m=[32m"text-2xl font-serif 
font-bold text-cream mb-4"[39m
                [36m>[39m
                  [0mTradici├│n[0m
                [36m</h4>[39m
                [36m<p[39m
                  
[33mclass[39m=[32m"text-cream/70 
leading-relaxed mb-6"[39m
                [36m>[39m
                  [0mCreemos que la 
tradici├│n merece un lugar privilegiado. 
Aqu├¡ huele a pan reci├®n hecho desde bien 
temprano.[0m
                [36m</p>[39m
                [36m<button[39m
                  [33mclass[39m=[32m"px-6 
py-2 bg-white/10 text-cream font-bold 
rounded-full shadow-sm border border-white/20 
hover:bg-caramel hover:text-white 
transition-all cursor-pointer mt-auto 
backdrop-blur-sm"[39m
                [36m>[39m
                  [0mSaber m├ís[0m
                [36m</button>[39m
              [36m</div>[39m
            [36m</div>[39m
          [36m</div>[39m
        [36m</div>[39m
        [36m<div[39m
          [33mclass[39m=[32m"flex-shrink-0 
w-[85vw] snap-center "[39m
        [36m>[39m
          [36m<div[39m
            [33mclass[39m=[32m" 
h-full"[39m
            [33mstyle[39m=[32m"position: 
relative; width: 100%; overflow: 
visible;"[39m
          [36m>[39m
            [36m<div[39m
              
[33mclass[39m=[32m"h-full"[39m
              [33mstyle[39m=[32m"opacity: 
0; transform: translateY(75px);"[39m
            [36m>[39m
              [36m<div[39m
                [33mclass[39m=[32m"flex 
flex-col items-center text-center group 
h-full"[39m
              [36m>[39m
                [36m<div[39m
                  [33mclass[39m=[32m"w-32 
h-32 md:w-48 md:h-48 rounded-full 
overflow-hidden mb-6 md:mb-8 border-4 
border-white/10 shadow-xl transform 
transition-transform group-hover:scale-105 
group-hover:rotate-3"[39m
                [36m>[39m
                  [36m<img[39m
                    
[33malt[39m=[32m"Proceso de horneado lento 
y cuidado"[39m
                    
[33mclass[39m=[32m"w-full h-full 
object-cover img-unified"[39m
                    [33msrc[39m=[32m"https:
//images.unsplash.com/photo-1555507036-ab1f403
8808a?auto=format&fit=crop&q=80&w=400"[39m
                  [36m/>[39m
                [36m</div>[39m
                [36m<h4[39m
                  
[33mclass[39m=[32m"text-2xl font-serif 
font-bold text-cream mb-4"[39m
                [36m>[39m
                  [0mSin Atajos[0m
                [36m</h4>[39m
                [36m<p[39m
                  
[33mclass[39m=[32m"text-cream/70 
leading-relaxed mb-6"[39m
                [36m>[39m
                  [0mCero procesos 
industriales. La verdadera artesan├¡a no 
tiene modo r├ípido.[0m
                [36m</p>[39m
                [36m<button[39m
                  [33mclass[39m=[32m"px-6 
py-2 bg-white/10 text-cream font-bold 
rounded-full shadow-sm border border-white/20 
hover:bg-caramel hover:text-white 
transition-all cursor-pointer mt-auto 
backdrop-blur-sm"[39m
                [36m>[39m
                  [0mSaber m├ís[0m
                [36m</button>[39m
              [36m</div>[39m
            [36m</div>[39m
          [36m</div>[39m
        [36m</div>[39m
        [36m<div[39m
          [33mclass[39m=[32m"flex-shrink-0 
w-[85vw] snap-center "[39m
        [36m>[39m
          [36m<div[39m
            [33mclass[39m=[32m" 
h-full"[39m
            [33mstyle[39m=[32m"position: 
relative; width: 100%; overflow: 
visible;"[39m
          [36m>[39m
            [36m<div[39m
              
[33mclass[39m=[32m"h-full"[39m
              [33mstyle[39m=[32m"opacity: 
0; transform: translateY(75px);"[39m
            [36m>[39m
              [36m<div[39m
                [33mclass[39m=[32m"flex 
flex-col items-center text-center group 
h-full"[39m
              [36m>[39m
                [36m<div[39m
                  [33mclass[39m=[32m"w-32 
h-32 md:w-48 md:h-48 rounded-full 
overflow-hidden mb-6 md:mb-8 border-4 
border-white/10 shadow-xl transform 
transition-transform group-hover:scale-105 
group-hover:rotate-3"[39m
                [36m>[39m
                  [36m<img[39m
                    [33malt[39m=[32m"Manos 
artesanas preparando caf├® y reposter├¡a"[39m
                    
[33mclass[39m=[32m"w-full h-full 
object-cover img-unified"[39m
                    [33msrc[39m=[32m"https:
//images.unsplash.com/photo-1541167760496-1628
856ab752?auto=format&fit=crop&q=80&w=400"[39m
                  [36m/>[3...
[90m [2mÔØ»[22m Object.getElementError node
_modules/@testing-library/dom/dist/config.js:
[2m37:19[22m[39m
[90m [2mÔØ»[22m node_modules/@testing-libra
ry/dom/dist/query-helpers.js:[2m76:38[22m[3
9m
[90m [2mÔØ»[22m node_modules/@testing-libra
ry/dom/dist/query-helpers.js:[2m109:15[22m[
39m
[36m [2mÔØ»[22m src/test/components.test.ts
x:[2m286:23[22m[39m
    [90m284| [39m        [34mrender[39m([
33m<[39m[33mWhyChooseUs[39m 
[33m/[39m[33m>[39m)
    [90m285| [39m        // Features may 
appear multiple times due to responsive 
carousÔÇª
    [90m286| [39m        
expect(screen.getAllByText('Pan 
Artesanal').length).toBeGreateÔÇª
    [90m   | [39m                      
[31m^[39m
    [90m287| [39m        
expect(screen.getAllByText(/procesos 
tradicionales de fermentaÔÇª
    [90m288| [39m    })

[31m[2mÔÄ»ÔÄ»ÔÄ»ÔÄ»ÔÄ»ÔÄ»ÔÄ»ÔÄ»ÔÄ»ÔÄ»ÔÄ»ÔÄ»Ô
Ä»ÔÄ»ÔÄ»ÔÄ»ÔÄ»ÔÄ»ÔÄ»ÔÄ»ÔÄ»ÔÄ»ÔÄ»[8/26]ÔÄ»[22m
[39m

[41m[1m FAIL [22m[49m 
src/test/components.test.tsx[2m > 
[22mWhyChooseUs[2m > [22mrenders Boller├¡a 
Dulce feature
[31m[1mTestingLibraryElementError[22m[39m:
 Unable to find an element with the text: 
Boller├¡a Dulce. This could be because the 
text is broken up by multiple elements. In 
this case, you can provide a function for 
your text matcher to make your matcher more 
flexible.

Ignored nodes: comments, script, style
[36m<body>[39m
  [36m<div>[39m
    [36m<div[39m
      [33mclass[39m=[32m"max-w-7xl mx-auto 
px-6"[39m
    [36m>[39m
      [36m<div[39m
        [33mclass[39m=[32m"text-center 
mb-16"[39m
      [36m>[39m
        [36m<div[39m
          [33mclass[39m=[32m" "[39m
          [33mstyle[39m=[32m"position: 
relative; width: 100%; overflow: 
visible;"[39m
        [36m>[39m
          [36m<div[39m
            [33mclass[39m=[32m""[39m
            [33mstyle[39m=[32m"opacity: 0; 
transform: translateY(75px);"[39m
          [36m>[39m
            [36m<h2[39m
              [33mclass[39m=[32m"text-4xl 
md:text-5xl font-serif text-cream 
font-bold"[39m
            [36m>[39m
              [0mNuestra Filosof├¡a[0m
            [36m</h2>[39m
          [36m</div>[39m
        [36m</div>[39m
      [36m</div>[39m
      [36m<div[39m
        [33mclass[39m=[32m"md:hidden flex 
overflow-x-auto snap-x snap-mandatory gap-4 
pb-6 -mx-6 px-6"[39m
        
[33mstyle[39m=[32m"scroll-behavior: 
smooth; -webkit-overflow-scrolling: 
touch;"[39m
      [36m>[39m
        [36m<div[39m
          [33mclass[39m=[32m"flex-shrink-0 
w-[85vw] snap-center "[39m
        [36m>[39m
          [36m<div[39m
            [33mclass[39m=[32m" 
h-full"[39m
            [33mstyle[39m=[32m"position: 
relative; width: 100%; overflow: 
visible;"[39m
          [36m>[39m
            [36m<div[39m
              
[33mclass[39m=[32m"h-full"[39m
              [33mstyle[39m=[32m"opacity: 
0; transform: translateY(75px);"[39m
            [36m>[39m
              [36m<div[39m
                [33mclass[39m=[32m"flex 
flex-col items-center text-center group 
h-full"[39m
              [36m>[39m
                [36m<div[39m
                  [33mclass[39m=[32m"w-32 
h-32 md:w-48 md:h-48 rounded-full 
overflow-hidden mb-6 md:mb-8 border-4 
border-white/10 shadow-xl transform 
transition-transform group-hover:scale-105 
group-hover:rotate-3"[39m
                [36m>[39m
                  [36m<img[39m
                    
[33malt[39m=[32m"Panadero artesano 
trabajando la masa tradicional"[39m
                    
[33mclass[39m=[32m"w-full h-full 
object-cover img-unified"[39m
                    [33msrc[39m=[32m"https:
//images.unsplash.com/photo-1509440159596-0249
088772ff?auto=format&fit=crop&q=80&w=400"[39m
                  [36m/>[39m
                [36m</div>[39m
                [36m<h4[39m
                  
[33mclass[39m=[32m"text-2xl font-serif 
font-bold text-cream mb-4"[39m
                [36m>[39m
                  [0mTradici├│n[0m
                [36m</h4>[39m
                [36m<p[39m
                  
[33mclass[39m=[32m"text-cream/70 
leading-relaxed mb-6"[39m
                [36m>[39m
                  [0mCreemos que la 
tradici├│n merece un lugar privilegiado. 
Aqu├¡ huele a pan reci├®n hecho desde bien 
temprano.[0m
                [36m</p>[39m
                [36m<button[39m
                  [33mclass[39m=[32m"px-6 
py-2 bg-white/10 text-cream font-bold 
rounded-full shadow-sm border border-white/20 
hover:bg-caramel hover:text-white 
transition-all cursor-pointer mt-auto 
backdrop-blur-sm"[39m
                [36m>[39m
                  [0mSaber m├ís[0m
                [36m</button>[39m
              [36m</div>[39m
            [36m</div>[39m
          [36m</div>[39m
        [36m</div>[39m
        [36m<div[39m
          [33mclass[39m=[32m"flex-shrink-0 
w-[85vw] snap-center "[39m
        [36m>[39m
          [36m<div[39m
            [33mclass[39m=[32m" 
h-full"[39m
            [33mstyle[39m=[32m"position: 
relative; width: 100%; overflow: 
visible;"[39m
          [36m>[39m
            [36m<div[39m
              
[33mclass[39m=[32m"h-full"[39m
              [33mstyle[39m=[32m"opacity: 
0; transform: translateY(75px);"[39m
            [36m>[39m
              [36m<div[39m
                [33mclass[39m=[32m"flex 
flex-col items-center text-center group 
h-full"[39m
              [36m>[39m
                [36m<div[39m
                  [33mclass[39m=[32m"w-32 
h-32 md:w-48 md:h-48 rounded-full 
overflow-hidden mb-6 md:mb-8 border-4 
border-white/10 shadow-xl transform 
transition-transform group-hover:scale-105 
group-hover:rotate-3"[39m
                [36m>[39m
                  [36m<img[39m
                    
[33malt[39m=[32m"Proceso de horneado lento 
y cuidado"[39m
                    
[33mclass[39m=[32m"w-full h-full 
object-cover img-unified"[39m
                    [33msrc[39m=[32m"https:
//images.unsplash.com/photo-1555507036-ab1f403
8808a?auto=format&fit=crop&q=80&w=400"[39m
                  [36m/>[39m
                [36m</div>[39m
                [36m<h4[39m
                  
[33mclass[39m=[32m"text-2xl font-serif 
font-bold text-cream mb-4"[39m
                [36m>[39m
                  [0mSin Atajos[0m
                [36m</h4>[39m
                [36m<p[39m
                  
[33mclass[39m=[32m"text-cream/70 
leading-relaxed mb-6"[39m
                [36m>[39m
                  [0mCero procesos 
industriales. La verdadera artesan├¡a no 
tiene modo r├ípido.[0m
                [36m</p>[39m
                [36m<button[39m
                  [33mclass[39m=[32m"px-6 
py-2 bg-white/10 text-cream font-bold 
rounded-full shadow-sm border border-white/20 
hover:bg-caramel hover:text-white 
transition-all cursor-pointer mt-auto 
backdrop-blur-sm"[39m
                [36m>[39m
                  [0mSaber m├ís[0m
                [36m</button>[39m
              [36m</div>[39m
            [36m</div>[39m
          [36m</div>[39m
        [36m</div>[39m
        [36m<div[39m
          [33mclass[39m=[32m"flex-shrink-0 
w-[85vw] snap-center "[39m
        [36m>[39m
          [36m<div[39m
            [33mclass[39m=[32m" 
h-full"[39m
            [33mstyle[39m=[32m"position: 
relative; width: 100%; overflow: 
visible;"[39m
          [36m>[39m
            [36m<div[39m
              
[33mclass[39m=[32m"h-full"[39m
              [33mstyle[39m=[32m"opacity: 
0; transform: translateY(75px);"[39m
            [36m>[39m
              [36m<div[39m
                [33mclass[39m=[32m"flex 
flex-col items-center text-center group 
h-full"[39m
              [36m>[39m
                [36m<div[39m
                  [33mclass[39m=[32m"w-32 
h-32 md:w-48 md:h-48 rounded-full 
overflow-hidden mb-6 md:mb-8 border-4 
border-white/10 shadow-xl transform 
transition-transform group-hover:scale-105 
group-hover:rotate-3"[39m
                [36m>[39m
                  [36m<img[39m
                    [33malt[39m=[32m"Manos 
artesanas preparando caf├® y reposter├¡a"[39m
                    
[33mclass[39m=[32m"w-full h-full 
object-cover img-unified"[39m
                    [33msrc[39m=[32m"https:
//images.unsplash.com/photo-1541167760496-1628
856ab752?auto=format&fit=crop&q=80&w=400"[39m
                  [36m/>[3...
[90m [2mÔØ»[22m Object.getElementError node
_modules/@testing-library/dom/dist/config.js:
[2m37:19[22m[39m
[90m [2mÔØ»[22m node_modules/@testing-libra
ry/dom/dist/query-helpers.js:[2m76:38[22m[3
9m
[90m [2mÔØ»[22m node_modules/@testing-libra
ry/dom/dist/query-helpers.js:[2m109:15[22m[
39m
[36m [2mÔØ»[22m src/test/components.test.ts
x:[2m292:23[22m[39m
    [90m290| [39m    
[34mit[39m([32m'renders Boller├¡a Dulce 
feature'[39m[33m,[39m () [33m=>[39m {
    [90m291| [39m        [34mrender[39m([
33m<[39m[33mWhyChooseUs[39m 
[33m/[39m[33m>[39m)
    [90m292| [39m        
expect(screen.getAllByText('Boller├¡a 
Dulce').length).toBeGreatÔÇª
    [90m   | [39m                      
[31m^[39m
    [90m293| [39m        
expect(screen.getAllByText(/Delicias 
hojaldradas/i).length).toÔÇª
    [90m294| [39m    })

[31m[2mÔÄ»ÔÄ»ÔÄ»ÔÄ»ÔÄ»ÔÄ»ÔÄ»ÔÄ»ÔÄ»ÔÄ»ÔÄ»ÔÄ»Ô
Ä»ÔÄ»ÔÄ»ÔÄ»ÔÄ»ÔÄ»ÔÄ»ÔÄ»ÔÄ»ÔÄ»ÔÄ»[9/26]ÔÄ»[22m
[39m

[41m[1m FAIL [22m[49m 
src/test/components.test.tsx[2m > 
[22mWhyChooseUs[2m > [22mrenders Tartas a 
Medida feature
[31m[1mTestingLibraryElementError[22m[39m:
 Unable to find an element with the text: 
Tartas a Medida. This could be because the 
text is broken up by multiple elements. In 
this case, you can provide a function for 
your text matcher to make your matcher more 
flexible.

Ignored nodes: comments, script, style
[36m<body>[39m
  [36m<div>[39m
    [36m<div[39m
      [33mclass[39m=[32m"max-w-7xl mx-auto 
px-6"[39m
    [36m>[39m
      [36m<div[39m
        [33mclass[39m=[32m"text-center 
mb-16"[39m
      [36m>[39m
        [36m<div[39m
          [33mclass[39m=[32m" "[39m
          [33mstyle[39m=[32m"position: 
relative; width: 100%; overflow: 
visible;"[39m
        [36m>[39m
          [36m<div[39m
            [33mclass[39m=[32m""[39m
            [33mstyle[39m=[32m"opacity: 0; 
transform: translateY(75px);"[39m
          [36m>[39m
            [36m<h2[39m
              [33mclass[39m=[32m"text-4xl 
md:text-5xl font-serif text-cream 
font-bold"[39m
            [36m>[39m
              [0mNuestra Filosof├¡a[0m
            [36m</h2>[39m
          [36m</div>[39m
        [36m</div>[39m
      [36m</div>[39m
      [36m<div[39m
        [33mclass[39m=[32m"md:hidden flex 
overflow-x-auto snap-x snap-mandatory gap-4 
pb-6 -mx-6 px-6"[39m
        
[33mstyle[39m=[32m"scroll-behavior: 
smooth; -webkit-overflow-scrolling: 
touch;"[39m
      [36m>[39m
        [36m<div[39m
          [33mclass[39m=[32m"flex-shrink-0 
w-[85vw] snap-center "[39m
        [36m>[39m
          [36m<div[39m
            [33mclass[39m=[32m" 
h-full"[39m
            [33mstyle[39m=[32m"position: 
relative; width: 100%; overflow: 
visible;"[39m
          [36m>[39m
            [36m<div[39m
              
[33mclass[39m=[32m"h-full"[39m
              [33mstyle[39m=[32m"opacity: 
0; transform: translateY(75px);"[39m
            [36m>[39m
              [36m<div[39m
                [33mclass[39m=[32m"flex 
flex-col items-center text-center group 
h-full"[39m
              [36m>[39m
                [36m<div[39m
                  [33mclass[39m=[32m"w-32 
h-32 md:w-48 md:h-48 rounded-full 
overflow-hidden mb-6 md:mb-8 border-4 
border-white/10 shadow-xl transform 
transition-transform group-hover:scale-105 
group-hover:rotate-3"[39m
                [36m>[39m
                  [36m<img[39m
                    
[33malt[39m=[32m"Panadero artesano 
trabajando la masa tradicional"[39m
                    
[33mclass[39m=[32m"w-full h-full 
object-cover img-unified"[39m
                    [33msrc[39m=[32m"https:
//images.unsplash.com/photo-1509440159596-0249
088772ff?auto=format&fit=crop&q=80&w=400"[39m
                  [36m/>[39m
                [36m</div>[39m
                [36m<h4[39m
                  
[33mclass[39m=[32m"text-2xl font-serif 
font-bold text-cream mb-4"[39m
                [36m>[39m
                  [0mTradici├│n[0m
                [36m</h4>[39m
                [36m<p[39m
                  
[33mclass[39m=[32m"text-cream/70 
leading-relaxed mb-6"[39m
                [36m>[39m
                  [0mCreemos que la 
tradici├│n merece un lugar privilegiado. 
Aqu├¡ huele a pan reci├®n hecho desde bien 
temprano.[0m
                [36m</p>[39m
                [36m<button[39m
                  [33mclass[39m=[32m"px-6 
py-2 bg-white/10 text-cream font-bold 
rounded-full shadow-sm border border-white/20 
hover:bg-caramel hover:text-white 
transition-all cursor-pointer mt-auto 
backdrop-blur-sm"[39m
                [36m>[39m
                  [0mSaber m├ís[0m
                [36m</button>[39m
              [36m</div>[39m
            [36m</div>[39m
          [36m</div>[39m
        [36m</div>[39m
        [36m<div[39m
          [33mclass[39m=[32m"flex-shrink-0 
w-[85vw] snap-center "[39m
        [36m>[39m
          [36m<div[39m
            [33mclass[39m=[32m" 
h-full"[39m
            [33mstyle[39m=[32m"position: 
relative; width: 100%; overflow: 
visible;"[39m
          [36m>[39m
            [36m<div[39m
              
[33mclass[39m=[32m"h-full"[39m
              [33mstyle[39m=[32m"opacity: 
0; transform: translateY(75px);"[39m
            [36m>[39m
              [36m<div[39m
                [33mclass[39m=[32m"flex 
flex-col items-center text-center group 
h-full"[39m
              [36m>[39m
                [36m<div[39m
                  [33mclass[39m=[32m"w-32 
h-32 md:w-48 md:h-48 rounded-full 
overflow-hidden mb-6 md:mb-8 border-4 
border-white/10 shadow-xl transform 
transition-transform group-hover:scale-105 
group-hover:rotate-3"[39m
                [36m>[39m
                  [36m<img[39m
                    
[33malt[39m=[32m"Proceso de horneado lento 
y cuidado"[39m
                    
[33mclass[39m=[32m"w-full h-full 
object-cover img-unified"[39m
                    [33msrc[39m=[32m"https:
//images.unsplash.com/photo-1555507036-ab1f403
8808a?auto=format&fit=crop&q=80&w=400"[39m
                  [36m/>[39m
                [36m</div>[39m
                [36m<h4[39m
                  
[33mclass[39m=[32m"text-2xl font-serif 
font-bold text-cream mb-4"[39m
                [36m>[39m
                  [0mSin Atajos[0m
                [36m</h4>[39m
                [36m<p[39m
                  
[33mclass[39m=[32m"text-cream/70 
leading-relaxed mb-6"[39m
                [36m>[39m
                  [0mCero procesos 
industriales. La verdadera artesan├¡a no 
tiene modo r├ípido.[0m
                [36m</p>[39m
                [36m<button[39m
                  [33mclass[39m=[32m"px-6 
py-2 bg-white/10 text-cream font-bold 
rounded-full shadow-sm border border-white/20 
hover:bg-caramel hover:text-white 
transition-all cursor-pointer mt-auto 
backdrop-blur-sm"[39m
                [36m>[39m
                  [0mSaber m├ís[0m
                [36m</button>[39m
              [36m</div>[39m
            [36m</div>[39m
          [36m</div>[39m
        [36m</div>[39m
        [36m<div[39m
          [33mclass[39m=[32m"flex-shrink-0 
w-[85vw] snap-center "[39m
        [36m>[39m
          [36m<div[39m
            [33mclass[39m=[32m" 
h-full"[39m
            [33mstyle[39m=[32m"position: 
relative; width: 100%; overflow: 
visible;"[39m
          [36m>[39m
            [36m<div[39m
              
[33mclass[39m=[32m"h-full"[39m
              [33mstyle[39m=[32m"opacity: 
0; transform: translateY(75px);"[39m
            [36m>[39m
              [36m<div[39m
                [33mclass[39m=[32m"flex 
flex-col items-center text-center group 
h-full"[39m
              [36m>[39m
                [36m<div[39m
                  [33mclass[39m=[32m"w-32 
h-32 md:w-48 md:h-48 rounded-full 
overflow-hidden mb-6 md:mb-8 border-4 
border-white/10 shadow-xl transform 
transition-transform group-hover:scale-105 
group-hover:rotate-3"[39m
                [36m>[39m
                  [36m<img[39m
                    [33malt[39m=[32m"Manos 
artesanas preparando caf├® y reposter├¡a"[39m
                    
[33mclass[39m=[32m"w-full h-full 
object-cover img-unified"[39m
                    [33msrc[39m=[32m"https:
//images.unsplash.com/photo-1541167760496-1628
856ab752?auto=format&fit=crop&q=80&w=400"[39m
                  [36m/>[3...
[90m [2mÔØ»[22m Object.getElementError node
_modules/@testing-library/dom/dist/config.js:
[2m37:19[22m[39m
[90m [2mÔØ»[22m node_modules/@testing-libra
ry/dom/dist/query-helpers.js:[2m76:38[22m[3
9m
[90m [2mÔØ»[22m node_modules/@testing-libra
ry/dom/dist/query-helpers.js:[2m109:15[22m[
39m
[36m [2mÔØ»[22m src/test/components.test.ts
x:[2m298:23[22m[39m
    [90m296| [39m    
[34mit[39m([32m'renders Tartas a Medida 
feature'[39m[33m,[39m () [33m=>[39m {
    [90m297| [39m        [34mrender[39m([
33m<[39m[33mWhyChooseUs[39m 
[33m/[39m[33m>[39m)
    [90m298| [39m        
expect(screen.getAllByText('Tartas a 
Medida').length).toBeGreaÔÇª
    [90m   | [39m                      
[31m^[39m
    [90m299| [39m        
expect(screen.getAllByText(/Dise├▒os 
exclusivos/i).length).toBeÔÇª
    [90m300| [39m    })

[31m[2mÔÄ»ÔÄ»ÔÄ»ÔÄ»ÔÄ»ÔÄ»ÔÄ»ÔÄ»ÔÄ»ÔÄ»ÔÄ»ÔÄ»Ô
Ä»ÔÄ»ÔÄ»ÔÄ»ÔÄ»ÔÄ»ÔÄ»ÔÄ»ÔÄ»ÔÄ»[10/26]ÔÄ»[22m[
39m

[41m[1m FAIL [22m[49m 
src/test/components.test.tsx[2m > 
[22mWhyChooseUs[2m > [22mrenders feature 
images
[31m[1mTestingLibraryElementError[22m[39m:
 Unable to find an element with the alt text: 
/pan de masa madre artesanal/i

Ignored nodes: comments, script, style
[36m<body>[39m
  [36m<div>[39m
    [36m<div[39m
      [33mclass[39m=[32m"max-w-7xl mx-auto 
px-6"[39m
    [36m>[39m
      [36m<div[39m
        [33mclass[39m=[32m"text-center 
mb-16"[39m
      [36m>[39m
        [36m<div[39m
          [33mclass[39m=[32m" "[39m
          [33mstyle[39m=[32m"position: 
relative; width: 100%; overflow: 
visible;"[39m
        [36m>[39m
          [36m<div[39m
            [33mclass[39m=[32m""[39m
            [33mstyle[39m=[32m"opacity: 0; 
transform: translateY(75px);"[39m
          [36m>[39m
            [36m<h2[39m
              [33mclass[39m=[32m"text-4xl 
md:text-5xl font-serif text-cream 
font-bold"[39m
            [36m>[39m
              [0mNuestra Filosof├¡a[0m
            [36m</h2>[39m
          [36m</div>[39m
        [36m</div>[39m
      [36m</div>[39m
      [36m<div[39m
        [33mclass[39m=[32m"md:hidden flex 
overflow-x-auto snap-x snap-mandatory gap-4 
pb-6 -mx-6 px-6"[39m
        
[33mstyle[39m=[32m"scroll-behavior: 
smooth; -webkit-overflow-scrolling: 
touch;"[39m
      [36m>[39m
        [36m<div[39m
          [33mclass[39m=[32m"flex-shrink-0 
w-[85vw] snap-center "[39m
        [36m>[39m
          [36m<div[39m
            [33mclass[39m=[32m" 
h-full"[39m
            [33mstyle[39m=[32m"position: 
relative; width: 100%; overflow: 
visible;"[39m
          [36m>[39m
            [36m<div[39m
              
[33mclass[39m=[32m"h-full"[39m
              [33mstyle[39m=[32m"opacity: 
0; transform: translateY(75px);"[39m
            [36m>[39m
              [36m<div[39m
                [33mclass[39m=[32m"flex 
flex-col items-center text-center group 
h-full"[39m
              [36m>[39m
                [36m<div[39m
                  [33mclass[39m=[32m"w-32 
h-32 md:w-48 md:h-48 rounded-full 
overflow-hidden mb-6 md:mb-8 border-4 
border-white/10 shadow-xl transform 
transition-transform group-hover:scale-105 
group-hover:rotate-3"[39m
                [36m>[39m
                  [36m<img[39m
                    
[33malt[39m=[32m"Panadero artesano 
trabajando la masa tradicional"[39m
                    
[33mclass[39m=[32m"w-full h-full 
object-cover img-unified"[39m
                    [33msrc[39m=[32m"https:
//images.unsplash.com/photo-1509440159596-0249
088772ff?auto=format&fit=crop&q=80&w=400"[39m
                  [36m/>[39m
                [36m</div>[39m
                [36m<h4[39m
                  
[33mclass[39m=[32m"text-2xl font-serif 
font-bold text-cream mb-4"[39m
                [36m>[39m
                  [0mTradici├│n[0m
                [36m</h4>[39m
                [36m<p[39m
                  
[33mclass[39m=[32m"text-cream/70 
leading-relaxed mb-6"[39m
                [36m>[39m
                  [0mCreemos que la 
tradici├│n merece un lugar privilegiado. 
Aqu├¡ huele a pan reci├®n hecho desde bien 
temprano.[0m
                [36m</p>[39m
                [36m<button[39m
                  [33mclass[39m=[32m"px-6 
py-2 bg-white/10 text-cream font-bold 
rounded-full shadow-sm border border-white/20 
hover:bg-caramel hover:text-white 
transition-all cursor-pointer mt-auto 
backdrop-blur-sm"[39m
                [36m>[39m
                  [0mSaber m├ís[0m
                [36m</button>[39m
              [36m</div>[39m
            [36m</div>[39m
          [36m</div>[39m
        [36m</div>[39m
        [36m<div[39m
          [33mclass[39m=[32m"flex-shrink-0 
w-[85vw] snap-center "[39m
        [36m>[39m
          [36m<div[39m
            [33mclass[39m=[32m" 
h-full"[39m
            [33mstyle[39m=[32m"position: 
relative; width: 100%; overflow: 
visible;"[39m
          [36m>[39m
            [36m<div[39m
              
[33mclass[39m=[32m"h-full"[39m
              [33mstyle[39m=[32m"opacity: 
0; transform: translateY(75px);"[39m
            [36m>[39m
              [36m<div[39m
                [33mclass[39m=[32m"flex 
flex-col items-center text-center group 
h-full"[39m
              [36m>[39m
                [36m<div[39m
                  [33mclass[39m=[32m"w-32 
h-32 md:w-48 md:h-48 rounded-full 
overflow-hidden mb-6 md:mb-8 border-4 
border-white/10 shadow-xl transform 
transition-transform group-hover:scale-105 
group-hover:rotate-3"[39m
                [36m>[39m
                  [36m<img[39m
                    
[33malt[39m=[32m"Proceso de horneado lento 
y cuidado"[39m
                    
[33mclass[39m=[32m"w-full h-full 
object-cover img-unified"[39m
                    [33msrc[39m=[32m"https:
//images.unsplash.com/photo-1555507036-ab1f403
8808a?auto=format&fit=crop&q=80&w=400"[39m
                  [36m/>[39m
                [36m</div>[39m
                [36m<h4[39m
                  
[33mclass[39m=[32m"text-2xl font-serif 
font-bold text-cream mb-4"[39m
                [36m>[39m
                  [0mSin Atajos[0m
                [36m</h4>[39m
                [36m<p[39m
                  
[33mclass[39m=[32m"text-cream/70 
leading-relaxed mb-6"[39m
                [36m>[39m
                  [0mCero procesos 
industriales. La verdadera artesan├¡a no 
tiene modo r├ípido.[0m
                [36m</p>[39m
                [36m<button[39m
                  [33mclass[39m=[32m"px-6 
py-2 bg-white/10 text-cream font-bold 
rounded-full shadow-sm border border-white/20 
hover:bg-caramel hover:text-white 
transition-all cursor-pointer mt-auto 
backdrop-blur-sm"[39m
                [36m>[39m
                  [0mSaber m├ís[0m
                [36m</button>[39m
              [36m</div>[39m
            [36m</div>[39m
          [36m</div>[39m
        [36m</div>[39m
        [36m<div[39m
          [33mclass[39m=[32m"flex-shrink-0 
w-[85vw] snap-center "[39m
        [36m>[39m
          [36m<div[39m
            [33mclass[39m=[32m" 
h-full"[39m
            [33mstyle[39m=[32m"position: 
relative; width: 100%; overflow: 
visible;"[39m
          [36m>[39m
            [36m<div[39m
              
[33mclass[39m=[32m"h-full"[39m
              [33mstyle[39m=[32m"opacity: 
0; transform: translateY(75px);"[39m
            [36m>[39m
              [36m<div[39m
                [33mclass[39m=[32m"flex 
flex-col items-center text-center group 
h-full"[39m
              [36m>[39m
                [36m<div[39m
                  [33mclass[39m=[32m"w-32 
h-32 md:w-48 md:h-48 rounded-full 
overflow-hidden mb-6 md:mb-8 border-4 
border-white/10 shadow-xl transform 
transition-transform group-hover:scale-105 
group-hover:rotate-3"[39m
                [36m>[39m
                  [36m<img[39m
                    [33malt[39m=[32m"Manos 
artesanas preparando caf├® y reposter├¡a"[39m
                    
[33mclass[39m=[32m"w-full h-full 
object-cover img-unified"[39m
                    [33msrc[39m=[32m"https:
//images.unsplash.com/photo-1541167760496-1628
856ab752?auto=format&fit=crop&q=80&w=400"[39m
                  [36m/>[3...
[90m [2mÔØ»[22m Object.getElementError node
_modules/@testing-library/dom/dist/config.js:
[2m37:19[22m[39m
[90m [2mÔØ»[22m node_modules/@testing-libra
ry/dom/dist/query-helpers.js:[2m76:38[22m[3
9m
[90m [2mÔØ»[22m node_modules/@testing-libra
ry/dom/dist/query-helpers.js:[2m109:15[22m[
39m
[36m [2mÔØ»[22m src/test/components.test.ts
x:[2m304:23[22m[39m
    [90m302| [39m    
[34mit[39m([32m'renders feature 
images'[39m[33m,[39m () [33m=>[39m {
    [90m303| [39m        [34mrender[39m([
33m<[39m[33mWhyChooseUs[39m 
[33m/[39m[33m>[39m)
    [90m304| [39m        
expect(screen.getAllByAltText(/pan de masa 
madre artesanal/i).ÔÇª
    [90m   | [39m                      
[31m^[39m
    [90m305| [39m        
expect(screen.getAllByAltText(/surtido de 
boller├¡a dulce/i).leÔÇª
    [90m306| [39m        
expect(screen.getAllByAltText(/tarta de 
frutos rojos/i).lengthÔÇª

[31m[2mÔÄ»ÔÄ»ÔÄ»ÔÄ»ÔÄ»ÔÄ»ÔÄ»ÔÄ»ÔÄ»ÔÄ»ÔÄ»ÔÄ»Ô
Ä»ÔÄ»ÔÄ»ÔÄ»ÔÄ»ÔÄ»ÔÄ»ÔÄ»ÔÄ»ÔÄ»[11/26]ÔÄ»[22m[
39m

[41m[1m FAIL [22m[49m 
src/test/components.test.tsx[2m > 
[22mNavbar[2m > [22mrenders brand logo A
[41m[1m FAIL [22m[49m 
src/test/components.test.tsx[2m > 
[22mNavbar[2m > [22mrenders Amalis 
Cafeter├¡a brand
[41m[1m FAIL [22m[49m 
src/test/components.test.tsx[2m > 
[22mNavbar[2m > [22mrenders hamburger menu 
button
[41m[1m FAIL [22m[49m 
src/test/components.test.tsx[2m > 
[22mNavbar[2m > [22mhas aria-expanded 
attribute on hamburger
[41m[1m FAIL [22m[49m 
src/test/components.test.tsx[2m > 
[22mNavbar[2m > [22mrenders main 
navigation with aria-label
[41m[1m FAIL [22m[49m 
src/test/components.test.tsx[2m > 
[22mNavbar[2m > [22mrenders Skip Link for 
keyboard navigation
[41m[1m FAIL [22m[49m 
src/test/components.test.tsx[2m > 
[22mNavbar[2m > [22mSkip Link has correct 
href
[41m[1m FAIL [22m[49m 
src/test/components.test.tsx[2m > 
[22mNavbar[2m > [22mdrawer has dialog role 
when open
[41m[1m FAIL [22m[49m 
src/test/components.test.tsx[2m > 
[22mNavbar[2m > [22mdrawer has aria-modal 
attribute
[41m[1m FAIL [22m[49m 
src/test/components.test.tsx[2m > 
[22mNavbar[2m > [22mcloses drawer on 
Escape key
[31m[1mError[22m: useLocation() may be 
used only in the context of a <Router> 
component.[39m
[90m [2mÔØ»[22m invariant node_modules/reac
t-router/dist/development/chunk-JZWAC4HX.mjs:
[2m188:11[22m[39m
[90m [2mÔØ»[22m useLocation node_modules/re
act-router/dist/development/chunk-JZWAC4HX.mjs
:[2m5520:3[22m[39m
[36m [2mÔØ»[22m Navbar src/components/layou
t/Navbar.tsx:[2m20:20[22m[39m
    [90m 18| [39m  [35mconst[39m 
drawerRef [33m=[39m useRef[33m<[39m[33mHT
MLDivElement[39m[33m>[39m([35mnull[39m)[
33m;[39m
    [90m 19| [39m  [35mconst[39m 
firstLinkRef [33m=[39m useRef[33m<[39m[33
mHTMLAnchorElement[39m[33m>[39m([35mnull[
39m)[33m;[39m
    [90m 20| [39m  [35mconst[39m location 
[33m=[39m [34museLocation[39m()[33m;[39m
    [90m   | [39m                   
[31m^[39m
    [90m 21| [39m  [35mconst[39m navigate 
[33m=[39m [34museNavigate[39m()[33m;[39m
    [90m 22| [39m
[90m [2mÔØ»[22m 
Object.react_stack_bottom_frame node_modules/r
eact-dom/cjs/react-dom-client.development.js:
[2m25904:20[22m[39m
[90m [2mÔØ»[22m renderWithHooks node_module
s/react-dom/cjs/react-dom-client.development.j
s:[2m7662:22[22m[39m
[90m [2mÔØ»[22m updateFunctionComponent nod
e_modules/react-dom/cjs/react-dom-client.devel
opment.js:[2m10166:19[22m[39m
[90m [2mÔØ»[22m beginWork node_modules/reac
t-dom/cjs/react-dom-client.development.js:[2m
11778:18[22m[39m
[90m [2mÔØ»[22m runWithFiberInDEV node_modu
les/react-dom/cjs/react-dom-client.development
.js:[2m874:13[22m[39m
[90m [2mÔØ»[22m performUnitOfWork node_modu
les/react-dom/cjs/react-dom-client.development
.js:[2m17641:22[22m[39m
[90m [2mÔØ»[22m workLoopSync node_modules/r
eact-dom/cjs/react-dom-client.development.js:
[2m17469:41[22m[39m

[31m[2mÔÄ»ÔÄ»ÔÄ»ÔÄ»ÔÄ»ÔÄ»ÔÄ»ÔÄ»ÔÄ»ÔÄ»ÔÄ»ÔÄ»Ô
Ä»ÔÄ»ÔÄ»ÔÄ»ÔÄ»ÔÄ»ÔÄ»ÔÄ»ÔÄ»ÔÄ»[12/26]ÔÄ»[22m[
39m

[41m[1m FAIL [22m[49m 
src/test/components.test.tsx[2m > 
[22mFeaturedProducts[2m > [22mrenders 
section title
[31m[1mTestingLibraryElementError[22m[39m:
 Unable to find an element with the text: 
Delicias Destacadas. This could be because 
the text is broken up by multiple elements. 
In this case, you can provide a function for 
your text matcher to make your matcher more 
flexible.

Ignored nodes: comments, script, style
[36m<body>[39m
  [36m<div>[39m
    [36m<div[39m
      [33mclass[39m=[32m"max-w-7xl mx-auto 
px-6"[39m
    [36m>[39m
      [36m<div[39m
        [33mclass[39m=[32m"text-center 
mb-16"[39m
      [36m>[39m
        [36m<div[39m
          [33mclass[39m=[32m" "[39m
          [33mstyle[39m=[32m"position: 
relative; width: 100%; overflow: 
visible;"[39m
        [36m>[39m
          [36m<div[39m
            [33mclass[39m=[32m""[39m
            [33mstyle[39m=[32m"opacity: 0; 
transform: translateY(75px);"[39m
          [36m>[39m
            [36m<h2[39m
              
[33mclass[39m=[32m"text-caramel 
font-accent text-3xl mb-2 tracking-wide"[39m
            [36m>[39m
              [0mNuestras Especialidades[0m
            [36m</h2>[39m
          [36m</div>[39m
        [36m</div>[39m
        [36m<div[39m
          [33mclass[39m=[32m" "[39m
          [33mstyle[39m=[32m"position: 
relative; width: 100%; overflow: 
visible;"[39m
        [36m>[39m
          [36m<div[39m
            [33mclass[39m=[32m""[39m
            [33mstyle[39m=[32m"opacity: 0; 
transform: translateY(75px);"[39m
          [36m>[39m
            [36m<h3[39m
              [33mclass[39m=[32m"text-4xl 
md:text-6xl font-serif text-cream font-bold 
tracking-tight"[39m
            [36m>[39m
              [0mLos 4 Pilares[0m
            [36m</h3>[39m
          [36m</div>[39m
        [36m</div>[39m
        [36m<div[39m
          [33mclass[39m=[32m" "[39m
          [33mstyle[39m=[32m"position: 
relative; width: 100%; overflow: 
visible;"[39m
        [36m>[39m
          [36m<div[39m
            [33mclass[39m=[32m""[39m
            [33mstyle[39m=[32m"opacity: 0; 
transform: translateY(75px);"[39m
          [36m>[39m
            [36m<p[39m
              [33mclass[39m=[32m"mt-4 
text-cream/70 max-w-lg mx-auto text-lg"[39m
            [36m>[39m
              [0mFrescura diaria, paciencia 
infinita. Descubre los sabores que nos 
definen.[0m
            [36m</p>[39m
          [36m</div>[39m
        [36m</div>[39m
      [36m</div>[39m
      [36m<div[39m
        [33mclass[39m=[32m"md:hidden flex 
overflow-x-auto snap-x snap-mandatory gap-4 
pb-6 -mx-6 px-6"[39m
        
[33mstyle[39m=[32m"scroll-behavior: 
smooth; -webkit-overflow-scrolling: 
touch;"[39m
      [36m>[39m
        [36m<div[39m
          [33mclass[39m=[32m"flex-shrink-0 
w-[85vw] snap-center "[39m
        [36m>[39m
          [36m<div[39m
            [33mclass[39m=[32m" 
h-full"[39m
            [33mstyle[39m=[32m"position: 
relative; width: 100%; overflow: 
visible;"[39m
          [36m>[39m
            [36m<div[39m
              
[33mclass[39m=[32m"h-full"[39m
              [33mstyle[39m=[32m"opacity: 
0; transform: translateY(75px);"[39m
            [36m>[39m
              [36m<div[39m
                [33mclass[39m=[32m"group 
relative bg-white/5 backdrop-blur-sm 
rounded-3xl overflow-hidden shadow-sm 
hover:shadow-2xl transition-all duration-300 
transform hover:-translate-y-2 cursor-pointer 
h-full flex flex-col border border-white/10 
hover:border-caramel/30"[39m
              [36m>[39m
                [36m<div[39m
                  
[33mclass[39m=[32m"aspect-[4/3] 
overflow-hidden relative"[39m
                [36m>[39m
                  [36m<img[39m
                    
[33malt[39m=[32m"Hogaza de pan de masa 
madre artesanal con corteza r├║stica 
dorada"[39m
                    
[33mclass[39m=[32m"w-full h-full 
object-cover transition-transform 
duration-500 group-hover:scale-110"[39m
                    
[33mdecoding[39m=[32m"async"[39m
                    
[33mloading[39m=[32m"lazy"[39m
                    [33msrc[39m=[32m"https:
//images.unsplash.com/photo-1585478259715-876a
cc5be8eb?auto=format&fit=crop&q=60&w=600"[39m
                  [36m/>[39m
                  [36m<div[39m
                    
[33mclass[39m=[32m"absolute top-4 
left-4"[39m
                  [36m>[39m
                    [36m<span[39m
                      
[33mclass[39m=[32m"px-3 py-1 
backdrop-blur-sm text-xs font-bold uppercase 
tracking-widest rounded-full bg-beige/90 
text-brownie"[39m
                    [36m>[39m
                      [0mPan[0m
                    [36m</span>[39m
                  [36m</div>[39m
                  [36m<div[39m
                    
[33mclass[39m=[32m"absolute inset-0 
bg-coffee/0 group-hover:bg-coffee/20 
transition-colors duration-300"[39m
                  [36m/>[39m
                [36m</div>[39m
                [36m<div[39m
                  [33mclass[39m=[32m"p-6 
flex flex-col flex-1"[39m
                [36m>[39m
                  [36m<div[39m
                    
[33mclass[39m=[32m"flex justify-between 
items-start mb-2"[39m
                  [36m>[39m
                    [36m<h4[39m
                      
[33mclass[39m=[32m"text-xl font-serif 
font-bold text-cream group-hover:text-caramel 
transition-colors"[39m
                    [36m>[39m
                      [0mPan de Masa 
Madre[0m
                    [36m</h4>[39m
                    [36m<span[39m
                      
[33mclass[39m=[32m"text-caramel font-bold 
text-lg"[39m
                    [36m>[39m
                      [0mConsultar[0m
                    [36m</span>[39m
                  [36m</div>[39m
                  [36m<p[39m
                    
[33mclass[39m=[32m"text-cream/70 text-sm 
leading-relaxed flex-grow"[39m
                  [36m>[39m
                    [0mPan honesto. Harina, 
agua, y el ingrediente secreto: paciencia. 
Fermentaci├│n lenta para una corteza dorada y 
miga tierna.[0m
                  [36m</p>[39m
                [36m</div>[39m
              [36m</div>[39m
            [36m</div>[39m
          [36m</div>[39m
        [36m</div>[39m
        [36m<div[39m
          [33mclass[39m=[32m"flex-shrink-0 
w-[85vw] snap-center "[39m
        [36m>[39m
          [36m<div[39m
            [33mclass[39m=[32m" 
h-full"[39m
            [33mstyle[39m=[32m"position: 
relative; width: 100%; overflow: 
visible;"[39m
          [36m>[39m
            [36m<div[39m
              
[33mclass[39m=[32m"h-full"[39m
              [33mstyle[39m=[32m"opacity: 
0; transform: translateY(75px);"[39m
            [36m>[39m
              [36m<div[39m
                [33mclass[39m=[32m"group 
relative bg-white/5 backdrop-blur-sm 
rounded-3xl overflow-hidden shadow-sm 
hover:shadow-2xl transition-all duration-300 
transform hover:-translate-y-2 cursor-pointer 
h-full flex flex-col border border-white/10 
hover:border-caramel/30"[39m
              [36m>[39m
                [36m<div[39m
                  
[33mclass[39m=[32m"aspect-[4/3] 
overflow-hidden relative"[39m
                [36m>[39m
                  [36m<img[39m
                    [33malt[39m=[32m"Coca 
artesana tradicional con verduras frescas y 
sard...
[90m [2mÔØ»[22m Object.getElementError node
_modules/@testing-library/dom/dist/config.js:
[2m37:19[22m[39m
[90m [2mÔØ»[22m node_modules/@testing-libra
ry/dom/dist/query-helpers.js:[2m76:38[22m[3
9m
[90m [2mÔØ»[22m node_modules/@testing-libra
ry/dom/dist/query-helpers.js:[2m52:17[22m[3
9m
[90m [2mÔØ»[22m node_modules/@testing-libra
ry/dom/dist/query-helpers.js:[2m95:19[22m[3
9m
[36m [2mÔØ»[22m src/test/components.test.ts
x:[2m403:23[22m[39m
    [90m401| [39m    
[34mit[39m([32m'renders section 
title'[39m[33m,[39m () [33m=>[39m {
    [90m402| [39m        [34mrender[39m([
33m<[39m[33mFeaturedProducts[39m 
[33m/[39m[33m>[39m)
    [90m403| [39m        
expect(screen.getByText('Delicias 
Destacadas')).toBeInTheDocumÔÇª
    [90m   | [39m                      
[31m^[39m
    [90m404| [39m    })
    [90m405| [39m

[31m[2mÔÄ»ÔÄ»ÔÄ»ÔÄ»ÔÄ»ÔÄ»ÔÄ»ÔÄ»ÔÄ»ÔÄ»ÔÄ»ÔÄ»Ô
Ä»ÔÄ»ÔÄ»ÔÄ»ÔÄ»ÔÄ»ÔÄ»ÔÄ»ÔÄ»ÔÄ»[13/26]ÔÄ»[22m[
39m

[41m[1m FAIL [22m[49m 
src/test/components.test.tsx[2m > 
[22mFeaturedProducts[2m > [22mrenders 
section description
[31m[1mTestingLibraryElementError[22m[39m:
 Unable to find an element with the text: 
/Artesan├¡a y pasi├│n en cada hogaza/i. This 
could be because the text is broken up by 
multiple elements. In this case, you can 
provide a function for your text matcher to 
make your matcher more flexible.

Ignored nodes: comments, script, style
[36m<body>[39m
  [36m<div>[39m
    [36m<div[39m
      [33mclass[39m=[32m"max-w-7xl mx-auto 
px-6"[39m
    [36m>[39m
      [36m<div[39m
        [33mclass[39m=[32m"text-center 
mb-16"[39m
      [36m>[39m
        [36m<div[39m
          [33mclass[39m=[32m" "[39m
          [33mstyle[39m=[32m"position: 
relative; width: 100%; overflow: 
visible;"[39m
        [36m>[39m
          [36m<div[39m
            [33mclass[39m=[32m""[39m
            [33mstyle[39m=[32m"opacity: 0; 
transform: translateY(75px);"[39m
          [36m>[39m
            [36m<h2[39m
              
[33mclass[39m=[32m"text-caramel 
font-accent text-3xl mb-2 tracking-wide"[39m
            [36m>[39m
              [0mNuestras Especialidades[0m
            [36m</h2>[39m
          [36m</div>[39m
        [36m</div>[39m
        [36m<div[39m
          [33mclass[39m=[32m" "[39m
          [33mstyle[39m=[32m"position: 
relative; width: 100%; overflow: 
visible;"[39m
        [36m>[39m
          [36m<div[39m
            [33mclass[39m=[32m""[39m
            [33mstyle[39m=[32m"opacity: 0; 
transform: translateY(75px);"[39m
          [36m>[39m
            [36m<h3[39m
              [33mclass[39m=[32m"text-4xl 
md:text-6xl font-serif text-cream font-bold 
tracking-tight"[39m
            [36m>[39m
              [0mLos 4 Pilares[0m
            [36m</h3>[39m
          [36m</div>[39m
        [36m</div>[39m
        [36m<div[39m
          [33mclass[39m=[32m" "[39m
          [33mstyle[39m=[32m"position: 
relative; width: 100%; overflow: 
visible;"[39m
        [36m>[39m
          [36m<div[39m
            [33mclass[39m=[32m""[39m
            [33mstyle[39m=[32m"opacity: 0; 
transform: translateY(75px);"[39m
          [36m>[39m
            [36m<p[39m
              [33mclass[39m=[32m"mt-4 
text-cream/70 max-w-lg mx-auto text-lg"[39m
            [36m>[39m
              [0mFrescura diaria, paciencia 
infinita. Descubre los sabores que nos 
definen.[0m
            [36m</p>[39m
          [36m</div>[39m
        [36m</div>[39m
      [36m</div>[39m
      [36m<div[39m
        [33mclass[39m=[32m"md:hidden flex 
overflow-x-auto snap-x snap-mandatory gap-4 
pb-6 -mx-6 px-6"[39m
        
[33mstyle[39m=[32m"scroll-behavior: 
smooth; -webkit-overflow-scrolling: 
touch;"[39m
      [36m>[39m
        [36m<div[39m
          [33mclass[39m=[32m"flex-shrink-0 
w-[85vw] snap-center "[39m
        [36m>[39m
          [36m<div[39m
            [33mclass[39m=[32m" 
h-full"[39m
            [33mstyle[39m=[32m"position: 
relative; width: 100%; overflow: 
visible;"[39m
          [36m>[39m
            [36m<div[39m
              
[33mclass[39m=[32m"h-full"[39m
              [33mstyle[39m=[32m"opacity: 
0; transform: translateY(75px);"[39m
            [36m>[39m
              [36m<div[39m
                [33mclass[39m=[32m"group 
relative bg-white/5 backdrop-blur-sm 
rounded-3xl overflow-hidden shadow-sm 
hover:shadow-2xl transition-all duration-300 
transform hover:-translate-y-2 cursor-pointer 
h-full flex flex-col border border-white/10 
hover:border-caramel/30"[39m
              [36m>[39m
                [36m<div[39m
                  
[33mclass[39m=[32m"aspect-[4/3] 
overflow-hidden relative"[39m
                [36m>[39m
                  [36m<img[39m
                    
[33malt[39m=[32m"Hogaza de pan de masa 
madre artesanal con corteza r├║stica 
dorada"[39m
                    
[33mclass[39m=[32m"w-full h-full 
object-cover transition-transform 
duration-500 group-hover:scale-110"[39m
                    
[33mdecoding[39m=[32m"async"[39m
                    
[33mloading[39m=[32m"lazy"[39m
                    [33msrc[39m=[32m"https:
//images.unsplash.com/photo-1585478259715-876a
cc5be8eb?auto=format&fit=crop&q=60&w=600"[39m
                  [36m/>[39m
                  [36m<div[39m
                    
[33mclass[39m=[32m"absolute top-4 
left-4"[39m
                  [36m>[39m
                    [36m<span[39m
                      
[33mclass[39m=[32m"px-3 py-1 
backdrop-blur-sm text-xs font-bold uppercase 
tracking-widest rounded-full bg-beige/90 
text-brownie"[39m
                    [36m>[39m
                      [0mPan[0m
                    [36m</span>[39m
                  [36m</div>[39m
                  [36m<div[39m
                    
[33mclass[39m=[32m"absolute inset-0 
bg-coffee/0 group-hover:bg-coffee/20 
transition-colors duration-300"[39m
                  [36m/>[39m
                [36m</div>[39m
                [36m<div[39m
                  [33mclass[39m=[32m"p-6 
flex flex-col flex-1"[39m
                [36m>[39m
                  [36m<div[39m
                    
[33mclass[39m=[32m"flex justify-between 
items-start mb-2"[39m
                  [36m>[39m
                    [36m<h4[39m
                      
[33mclass[39m=[32m"text-xl font-serif 
font-bold text-cream group-hover:text-caramel 
transition-colors"[39m
                    [36m>[39m
                      [0mPan de Masa 
Madre[0m
                    [36m</h4>[39m
                    [36m<span[39m
                      
[33mclass[39m=[32m"text-caramel font-bold 
text-lg"[39m
                    [36m>[39m
                      [0mConsultar[0m
                    [36m</span>[39m
                  [36m</div>[39m
                  [36m<p[39m
                    
[33mclass[39m=[32m"text-cream/70 text-sm 
leading-relaxed flex-grow"[39m
                  [36m>[39m
                    [0mPan honesto. Harina, 
agua, y el ingrediente secreto: paciencia. 
Fermentaci├│n lenta para una corteza dorada y 
miga tierna.[0m
                  [36m</p>[39m
                [36m</div>[39m
              [36m</div>[39m
            [36m</div>[39m
          [36m</div>[39m
        [36m</div>[39m
        [36m<div[39m
          [33mclass[39m=[32m"flex-shrink-0 
w-[85vw] snap-center "[39m
        [36m>[39m
          [36m<div[39m
            [33mclass[39m=[32m" 
h-full"[39m
            [33mstyle[39m=[32m"position: 
relative; width: 100%; overflow: 
visible;"[39m
          [36m>[39m
            [36m<div[39m
              
[33mclass[39m=[32m"h-full"[39m
              [33mstyle[39m=[32m"opacity: 
0; transform: translateY(75px);"[39m
            [36m>[39m
              [36m<div[39m
                [33mclass[39m=[32m"group 
relative bg-white/5 backdrop-blur-sm 
rounded-3xl overflow-hidden shadow-sm 
hover:shadow-2xl transition-all duration-300 
transform hover:-translate-y-2 cursor-pointer 
h-full flex flex-col border border-white/10 
hover:border-caramel/30"[39m
              [36m>[39m
                [36m<div[39m
                  
[33mclass[39m=[32m"aspect-[4/3] 
overflow-hidden relative"[39m
                [36m>[39m
                  [36m<img[39m
                    [33malt[39m=[32m"Coca 
artesana tradicional con verduras frescas y 
sard...
[90m [2mÔØ»[22m Object.getElementError node
_modules/@testing-library/dom/dist/config.js:
[2m37:19[22m[39m
[90m [2mÔØ»[22m node_modules/@testing-libra
ry/dom/dist/query-helpers.js:[2m76:38[22m[3
9m
[90m [2mÔØ»[22m node_modules/@testing-libra
ry/dom/dist/query-helpers.js:[2m52:17[22m[3
9m
[90m [2mÔØ»[22m node_modules/@testing-libra
ry/dom/dist/query-helpers.js:[2m95:19[22m[3
9m
[36m [2mÔØ»[22m src/test/components.test.ts
x:[2m408:23[22m[39m
    [90m406| [39m    
[34mit[39m([32m'renders section 
description'[39m[33m,[39m () [33m=>[39m {
    [90m407| [39m        [34mrender[39m([
33m<[39m[33mFeaturedProducts[39m 
[33m/[39m[33m>[39m)
    [90m408| [39m        
expect(screen.getByText(/Artesan├¡a y pasi├│n 
en cada hogaza/i))ÔÇª
    [90m   | [39m                      
[31m^[39m
    [90m409| [39m    })
    [90m410| [39m

[31m[2mÔÄ»ÔÄ»ÔÄ»ÔÄ»ÔÄ»ÔÄ»ÔÄ»ÔÄ»ÔÄ»ÔÄ»ÔÄ»ÔÄ»Ô
Ä»ÔÄ»ÔÄ»ÔÄ»ÔÄ»ÔÄ»ÔÄ»ÔÄ»ÔÄ»ÔÄ»[14/26]ÔÄ»[22m[
39m

[41m[1m FAIL [22m[49m 
src/test/components.test.tsx[2m > 
[22mFeaturedProducts[2m > [22mrenders 
product cards
[31m[1mTestingLibraryElementError[22m[39m:
 Unable to find an element with the text: 
Masa Madre Artesanal. This could be because 
the text is broken up by multiple elements. 
In this case, you can provide a function for 
your text matcher to make your matcher more 
flexible.

Ignored nodes: comments, script, style
[36m<body>[39m
  [36m<div>[39m
    [36m<div[39m
      [33mclass[39m=[32m"max-w-7xl mx-auto 
px-6"[39m
    [36m>[39m
      [36m<div[39m
        [33mclass[39m=[32m"text-center 
mb-16"[39m
      [36m>[39m
        [36m<div[39m
          [33mclass[39m=[32m" "[39m
          [33mstyle[39m=[32m"position: 
relative; width: 100%; overflow: 
visible;"[39m
        [36m>[39m
          [36m<div[39m
            [33mclass[39m=[32m""[39m
            [33mstyle[39m=[32m"opacity: 0; 
transform: translateY(75px);"[39m
          [36m>[39m
            [36m<h2[39m
              
[33mclass[39m=[32m"text-caramel 
font-accent text-3xl mb-2 tracking-wide"[39m
            [36m>[39m
              [0mNuestras Especialidades[0m
            [36m</h2>[39m
          [36m</div>[39m
        [36m</div>[39m
        [36m<div[39m
          [33mclass[39m=[32m" "[39m
          [33mstyle[39m=[32m"position: 
relative; width: 100%; overflow: 
visible;"[39m
        [36m>[39m
          [36m<div[39m
            [33mclass[39m=[32m""[39m
            [33mstyle[39m=[32m"opacity: 0; 
transform: translateY(75px);"[39m
          [36m>[39m
            [36m<h3[39m
              [33mclass[39m=[32m"text-4xl 
md:text-6xl font-serif text-cream font-bold 
tracking-tight"[39m
            [36m>[39m
              [0mLos 4 Pilares[0m
            [36m</h3>[39m
          [36m</div>[39m
        [36m</div>[39m
        [36m<div[39m
          [33mclass[39m=[32m" "[39m
          [33mstyle[39m=[32m"position: 
relative; width: 100%; overflow: 
visible;"[39m
        [36m>[39m
          [36m<div[39m
            [33mclass[39m=[32m""[39m
            [33mstyle[39m=[32m"opacity: 0; 
transform: translateY(75px);"[39m
          [36m>[39m
            [36m<p[39m
              [33mclass[39m=[32m"mt-4 
text-cream/70 max-w-lg mx-auto text-lg"[39m
            [36m>[39m
              [0mFrescura diaria, paciencia 
infinita. Descubre los sabores que nos 
definen.[0m
            [36m</p>[39m
          [36m</div>[39m
        [36m</div>[39m
      [36m</div>[39m
      [36m<div[39m
        [33mclass[39m=[32m"md:hidden flex 
overflow-x-auto snap-x snap-mandatory gap-4 
pb-6 -mx-6 px-6"[39m
        
[33mstyle[39m=[32m"scroll-behavior: 
smooth; -webkit-overflow-scrolling: 
touch;"[39m
      [36m>[39m
        [36m<div[39m
          [33mclass[39m=[32m"flex-shrink-0 
w-[85vw] snap-center "[39m
        [36m>[39m
          [36m<div[39m
            [33mclass[39m=[32m" 
h-full"[39m
            [33mstyle[39m=[32m"position: 
relative; width: 100%; overflow: 
visible;"[39m
          [36m>[39m
            [36m<div[39m
              
[33mclass[39m=[32m"h-full"[39m
              [33mstyle[39m=[32m"opacity: 
0; transform: translateY(75px);"[39m
            [36m>[39m
              [36m<div[39m
                [33mclass[39m=[32m"group 
relative bg-white/5 backdrop-blur-sm 
rounded-3xl overflow-hidden shadow-sm 
hover:shadow-2xl transition-all duration-300 
transform hover:-translate-y-2 cursor-pointer 
h-full flex flex-col border border-white/10 
hover:border-caramel/30"[39m
              [36m>[39m
                [36m<div[39m
                  
[33mclass[39m=[32m"aspect-[4/3] 
overflow-hidden relative"[39m
                [36m>[39m
                  [36m<img[39m
                    
[33malt[39m=[32m"Hogaza de pan de masa 
madre artesanal con corteza r├║stica 
dorada"[39m
                    
[33mclass[39m=[32m"w-full h-full 
object-cover transition-transform 
duration-500 group-hover:scale-110"[39m
                    
[33mdecoding[39m=[32m"async"[39m
                    
[33mloading[39m=[32m"lazy"[39m
                    [33msrc[39m=[32m"https:
//images.unsplash.com/photo-1585478259715-876a
cc5be8eb?auto=format&fit=crop&q=60&w=600"[39m
                  [36m/>[39m
                  [36m<div[39m
                    
[33mclass[39m=[32m"absolute top-4 
left-4"[39m
                  [36m>[39m
                    [36m<span[39m
                      
[33mclass[39m=[32m"px-3 py-1 
backdrop-blur-sm text-xs font-bold uppercase 
tracking-widest rounded-full bg-beige/90 
text-brownie"[39m
                    [36m>[39m
                      [0mPan[0m
                    [36m</span>[39m
                  [36m</div>[39m
                  [36m<div[39m
                    
[33mclass[39m=[32m"absolute inset-0 
bg-coffee/0 group-hover:bg-coffee/20 
transition-colors duration-300"[39m
                  [36m/>[39m
                [36m</div>[39m
                [36m<div[39m
                  [33mclass[39m=[32m"p-6 
flex flex-col flex-1"[39m
                [36m>[39m
                  [36m<div[39m
                    
[33mclass[39m=[32m"flex justify-between 
items-start mb-2"[39m
                  [36m>[39m
                    [36m<h4[39m
                      
[33mclass[39m=[32m"text-xl font-serif 
font-bold text-cream group-hover:text-caramel 
transition-colors"[39m
                    [36m>[39m
                      [0mPan de Masa 
Madre[0m
                    [36m</h4>[39m
                    [36m<span[39m
                      
[33mclass[39m=[32m"text-caramel font-bold 
text-lg"[39m
                    [36m>[39m
                      [0mConsultar[0m
                    [36m</span>[39m
                  [36m</div>[39m
                  [36m<p[39m
                    
[33mclass[39m=[32m"text-cream/70 text-sm 
leading-relaxed flex-grow"[39m
                  [36m>[39m
                    [0mPan honesto. Harina, 
agua, y el ingrediente secreto: paciencia. 
Fermentaci├│n lenta para una corteza dorada y 
miga tierna.[0m
                  [36m</p>[39m
                [36m</div>[39m
              [36m</div>[39m
            [36m</div>[39m
          [36m</div>[39m
        [36m</div>[39m
        [36m<div[39m
          [33mclass[39m=[32m"flex-shrink-0 
w-[85vw] snap-center "[39m
        [36m>[39m
          [36m<div[39m
            [33mclass[39m=[32m" 
h-full"[39m
            [33mstyle[39m=[32m"position: 
relative; width: 100%; overflow: 
visible;"[39m
          [36m>[39m
            [36m<div[39m
              
[33mclass[39m=[32m"h-full"[39m
              [33mstyle[39m=[32m"opacity: 
0; transform: translateY(75px);"[39m
            [36m>[39m
              [36m<div[39m
                [33mclass[39m=[32m"group 
relative bg-white/5 backdrop-blur-sm 
rounded-3xl overflow-hidden shadow-sm 
hover:shadow-2xl transition-all duration-300 
transform hover:-translate-y-2 cursor-pointer 
h-full flex flex-col border border-white/10 
hover:border-caramel/30"[39m
              [36m>[39m
                [36m<div[39m
                  
[33mclass[39m=[32m"aspect-[4/3] 
overflow-hidden relative"[39m
                [36m>[39m
                  [36m<img[39m
                    [33malt[39m=[32m"Coca 
artesana tradicional con verduras frescas y 
sard...
[90m [2mÔØ»[22m Object.getElementError node
_modules/@testing-library/dom/dist/config.js:
[2m37:19[22m[39m
[90m [2mÔØ»[22m node_modules/@testing-libra
ry/dom/dist/query-helpers.js:[2m76:38[22m[3
9m
[90m [2mÔØ»[22m node_modules/@testing-libra
ry/dom/dist/query-helpers.js:[2m109:15[22m[
39m
[36m [2mÔØ»[22m src/test/components.test.ts
x:[2m414:23[22m[39m
    [90m412| [39m        [34mrender[39m([
33m<[39m[33mFeaturedProducts[39m 
[33m/[39m[33m>[39m)
    [90m413| [39m        // Products may 
render multiple times due to responsive 
carousÔÇª
    [90m414| [39m        
expect(screen.getAllByText('Masa Madre 
Artesanal').length).toBÔÇª
    [90m   | [39m                      
[31m^[39m
    [90m415| [39m        
expect(screen.getAllByText('Croissant de 
Mantequilla').length)ÔÇª
    [90m416| [39m        
expect(screen.getAllByText('Mocha 
Terciopelo').length).toBeGreÔÇª

[31m[2mÔÄ»ÔÄ»ÔÄ»ÔÄ»ÔÄ»ÔÄ»ÔÄ»ÔÄ»ÔÄ»ÔÄ»ÔÄ»ÔÄ»Ô
Ä»ÔÄ»ÔÄ»ÔÄ»ÔÄ»ÔÄ»ÔÄ»ÔÄ»ÔÄ»ÔÄ»[15/26]ÔÄ»[22m[
39m

[41m[1m FAIL [22m[49m 
src/test/components.test.tsx[2m > 
[22mLocationSection[2m > [22mrenders main 
store info
[31m[1mTestingLibraryElementError[22m[39m:
 Unable to find an element with the text: 
/Calle de los Artesanos, 123/i. This could be 
because the text is broken up by multiple 
elements. In this case, you can provide a 
function for your text matcher to make your 
matcher more flexible.

Ignored nodes: comments, script, style
[36m<body>[39m
  [36m<div>[39m
    [36m<div[39m
      [33mclass[39m=[32m"max-w-7xl mx-auto 
px-6"[39m
    [36m>[39m
      [36m<div[39m
        [33mclass[39m=[32m" "[39m
        [33mstyle[39m=[32m"position: 
relative; width: 100%; overflow: 
visible;"[39m
      [36m>[39m
        [36m<div[39m
          [33mclass[39m=[32m""[39m
          [33mstyle[39m=[32m"opacity: 0; 
transform: translateY(75px);"[39m
        [36m>[39m
          [36m<div[39m
            [33mclass[39m=[32m"bg-brownie 
rounded-[3rem] overflow-hidden flex flex-col 
lg:flex-row shadow-2xl min-h-[600px]"[39m
          [36m>[39m
            [36m<div[39m
              [33mclass[39m=[32m"lg:w-1/2 
p-10 lg:p-24 flex flex-col justify-center 
text-beige relative overflow-hidden"[39m
            [36m>[39m
              [36m<div[39m
                
[33mclass[39m=[32m"absolute top-0 left-0 
w-full h-full opacity-5 
pointer-events-none"[39m
              [36m>[39m
                [36m<svg[39m
                  
[33mheight[39m=[32m"100%"[39m
                  
[33mwidth[39m=[32m"100%"[39m
                  [33mxmlns[39m=[32m"http:/
/www.w3.org/2000/svg"[39m
                [36m>[39m
                  [36m<pattern[39m
                    
[33mheight[39m=[32m"40"[39m
                    
[33mid[39m=[32m"pattern-circles"[39m
                    [33mpatternUnits[39m=[3
2m"userSpaceOnUse"[39m
                    
[33mwidth[39m=[32m"40"[39m
                    [33mx[39m=[32m"0"[39m
                    [33my[39m=[32m"0"[39m
                  [36m>[39m
                    [36m<circle[39m
                      
[33mcx[39m=[32m"2"[39m
                      
[33mcy[39m=[32m"2"[39m
                      
[33mfill[39m=[32m"currentColor"[39m
                      
[33mr[39m=[32m"1"[39m
                    [36m/>[39m
                  [36m</pattern>[39m
                  [36m<rect[39m
                    [33mfill[39m=[32m"url(#
pattern-circles)"[39m
                    
[33mheight[39m=[32m"100%"[39m
                    
[33mwidth[39m=[32m"100%"[39m
                    [33mx[39m=[32m"0"[39m
                    [33my[39m=[32m"0"[39m
                  [36m/>[39m
                [36m</svg>[39m
              [36m</div>[39m
              [36m<h2[39m
                
[33mclass[39m=[32m"text-5xl md:text-6xl 
font-serif font-bold mb-8 leading-tight"[39m
              [36m>[39m
                [0mBusca tu [0m
                [36m<span[39m
                  
[33mclass[39m=[32m"text-caramel"[39m
                [36m>[39m
                  [0mTienda[0m
                [36m</span>[39m
              [36m</h2>[39m
              [36m<p[39m
                
[33mclass[39m=[32m"text-beige/80 text-lg 
mb-12 leading-relaxed max-w-md"[39m
              [36m>[39m
                [0mComparte tu ubicaci├│n 
para encontrar tu panader├¡a m├ís cercana, ya 
sea para pedir por adelantado o visitarnos en 
persona.[0m
              [36m</p>[39m
              [36m<div[39m
                
[33mclass[39m=[32m"space-y-10 relative 
z-10"[39m
              [36m>[39m
                [36m<button[39m
                  
[33mclass[39m=[32m"transition-all 
duration-300 ease-in-out rounded-full 
font-bold active:scale-95 flex items-center 
justify-center gap-2 cursor-pointer 
bg-brownie text-cream hover:bg-coffee 
shadow-md px-6 py-2.5 text-sm !bg-beige 
!text-brownie hover:!bg-white 
hover:!scale-105 transition-all duration-300 
!rounded-full !px-10 !py-4 !text-base 
!font-bold 
shadow-[0_0_20px_rgba(245,239,231,0.2)] "[39m
                [36m>[39m
                  [36m<svg[39m
                    
[33maria-hidden[39m=[32m"true"[39m
                    [33mclass[39m=[32m"w-5 
h-5"[39m
                    
[33mfill[39m=[32m"none"[39m
                    
[33mstroke[39m=[32m"currentColor"[39m
                    [33mviewBox[39m=[32m"0 
0 24 24"[39m
                  [36m>[39m
                    [36m<path[39m
                      
[33md[39m=[32m"M17.657 16.657L13.414 
20.9a1.998 1.998 0 01-2.827 0l-4.244-4.243a8 
8 0 1111.314 0z"[39m
                      
[33mstroke-linecap[39m=[32m"round"[39m
                      
[33mstroke-linejoin[39m=[32m"round"[39m
                      
[33mstroke-width[39m=[32m"2.5"[39m
                    [36m/>[39m
                    [36m<path[39m
                      [33md[39m=[32m"M15 
11a3 3 0 11-6 0 3 3 0 016 0z"[39m
                      
[33mstroke-linecap[39m=[32m"round"[39m
                      
[33mstroke-linejoin[39m=[32m"round"[39m
                      
[33mstroke-width[39m=[32m"2.5"[39m
                    [36m/>[39m
                  [36m</svg>[39m
                  [0mCompartir Ubicaci├│n[0m
                [36m</button>[39m
                [36m<div[39m
                  [33mclass[39m=[32m"pt-8 
border-t border-beige/10"[39m
                [36m>[39m
                  [36m<h4[39m
                    
[33mclass[39m=[32m"font-bold text-xl mb-3 
font-serif"[39m
                  [36m>[39m
                    [0mTienda Principal[0m
                  [36m</h4>[39m
                  [36m<p[39m
                    
[33mclass[39m=[32m"text-beige/70 text-base 
leading-relaxed"[39m
                  [36m>[39m
                    [0mCarrer Almirante 
Antequera, 11[0m
                    [36m<br />[39m
                    [0mSanta Pola, Alicante, 
03130[0m
                  [36m</p>[39m
                  [36m<div[39m
                    
[33mclass[39m=[32m"mt-4 flex items-center 
gap-2 text-caramel font-bold text-sm 
tracking-wide uppercase"[39m
                  [36m>[39m
                    [36m<span[39m
                      
[33mclass[39m=[32m"w-2 h-2 rounded-full 
bg-green-500 animate-pulse"[39m
                    [36m/>[39m
                    [0mAbierto hoy: 7:00 AM 
- 9:00 PM[0m
                  [36m</div>[39m
                [36m</div>[39m
              [36m</div>[39m
            [36m</div>[39m
            [36m<div[39m
              [33mclass[39m=[32m"lg:w-1/2 
h-[400px] lg:h-auto relative bg-[#e5e7eb] 
overflow-hidden group"[39m
            [36m>[39m
              [36m<div[39m
                
[33mclass[39m=[32m"absolute inset-0 
grayscale contrast-[1.1] brightness-[0.9] 
transition-all duration-700 
group-hover:grayscale-0 
group-hover:contrast-100 
group-hover:brightness-100"[39m
              [36m>[39m
                [36m<img[39m
                  [33malt[39m=[32m"Vista 
a├®rea de la costa de Santa Pola"[39m
                  
[33mclass[39m=[32m"w-full h-full 
object-cover"[39m
                  [33msrc[39m=[32m"https://
images.unsplash.com/photo-1524661135-423995f22
d0b?auto=format&fit=crop&q=80&w=1200"[39m
                [36m/>[39m
              [36m</div>[39m
              [36m<div[39m
                
[33mclass[39m=[32m"absolute inset-0 
bg-gradient-to-t from-brownie/50 
to-transparent lg:bg-gradient-to-l 
lg:from-transparent lg:to-brownie/20 
pointer-events-none"[39m
              [36m/>[39m
              [36m<div[39m
                
[33mclass[39m=[32m"absolute inset-0 flex 
items-center justify-center p-8"[39m
              [36m>[39m
                [36m<div[39m
                  
[33mclass[39m=[32m"bg-white p-8 
rounded-3xl shadow-2xl max-w-sm text-center 
relative z-20 mx-4"[39m
                  
[33mstyle[39m=[32m"transform: none;"[39m
                [36m>[39m
                  [36m<div[39m
                    
[33mclass[39m=[32m"absolute -top-6 
left-1/2 -translate-x-1/2"[39m
                  [36m>[39m
                    [36m<div[39m
                      
[33mclass[39m=[32m"w-12 h-12 bg-brownie 
rounded-full flex items-center justify-center 
text-white shadow-lg ring-4 ring-white"[39m
                    [36m>[39m
                      [36m<svg[39m
                        
[33mclass[39m=[32m"w-6 h-6"[39m
                        
[33mfill[39m=[32m"currentColor"[39m
                        
[33mviewBox[39m=[32m"0 0 20 20"[39m
                      [36m>[39m
                        [36m<path[39m
                          
[33mclip-rule[39m=[32m"evenodd"[39m
                          
[33md[39m=[32m"M5.05 4.05a7 7 0 119.9 
9.9L10 18.9l-4.95-4.95a7 7 0 010-9.9zM10 11a2 
2 0 100-4 2 2 0 000 4z"[39m
                          
[33mfill-rule[39m=[32m"evenodd"[39m
                        [36m/>[39m
                      [36m</svg>[39m
                    [36m</div>[39m
                  [36m</div>[39m
                  [36m<div[39m
                    
[33mclass[39m=[32m"mt-6"[39m
                  [36m>[39m
                    [36m<h4[39m
                      
[33mclass[39m=[32m"font-serif font-bold 
text-2xl text-brownie mb-2"[39m
                    [36m>[39m
                      [0m┬íEstamos aqu├¡![0m
                    [36m</h4>[39m
                    [36m<p[39m
                      
[33mclass[39m=[32m"text-brownie/60 mb-6 
leading-relaxed"[39m
                    [36m>[39m
                      [0mVis├¡tanos y 
disfruta del aut├®ntico sabor artesanal en un 
ambiente acogedor.[0m
                    [36m</p>[39m
                    [36m<button[39m
                      
[33mclass[39m=[32m"inline-flex 
items-center gap-2 text-brownie font-bold 
text-sm uppercase tracking-wider 
hover:text-caramel transition-colors 
group/btn"[39m
                    [36m>[39m
                      [0mC├│mo llegar[0m
                      [36m<svg[39m
                        
[33mclass[39m=[32m"w-4 h-4 transform 
group-hover/btn:translate-x-1 
transition-transform"[39m
                        
[33mfill[39m=[32m"none"[39m
                        
[33mstroke[39m=[32m"currentColor"[39m
                        
[33mviewBox[39m=[32m"0 0 24 24"[39m
                      [36m>[39m
                        [36m<path[39m
                          
[33md[39m=[32m"M17 8l4 4m0 0l-4 
4m4-4H3"[39m
                          
[33mstroke-linecap[39m=[32m"round"[39m
                          
[33mstroke-linejoin[39m=[32m"round"[39m
                          
[33mstroke-width[39m=[32m"2"[39m
                        [36m/>[39m
                      [36m</svg>[39m
                    [36m</button>[39m
                  [36m</div>[39m
                [36m</div>[39m
              [36m</div>[39m
            [36m</div>[39m
          [36m</div>[39m
        [36m</div>[39m
      [36m</div>[39m
    [36m</div>[39m
  [36m</div>[39m
[36m</body>[39m
[90m [2mÔØ»[22m Object.getElementError node
_modules/@testing-library/dom/dist/config.js:
[2m37:19[22m[39m
[90m [2mÔØ»[22m node_modules/@testing-libra
ry/dom/dist/query-helpers.js:[2m76:38[22m[3
9m
[90m [2mÔØ»[22m node_modules/@testing-libra
ry/dom/dist/query-helpers.js:[2m52:17[22m[3
9m
[90m [2mÔØ»[22m node_modules/@testing-libra
ry/dom/dist/query-helpers.js:[2m95:19[22m[3
9m
[36m [2mÔØ»[22m src/test/components.test.ts
x:[2m448:23[22m[39m
    [90m446| [39m        [34mrender[39m([
33m<[39m[33mLocationSection[39m 
[33m/[39m[33m>[39m)
    [90m447| [39m        
expect(screen.getByText('Tienda 
Principal')).toBeInTheDocumentÔÇª
    [90m448| [39m        
expect(screen.getByText(/Calle de los 
Artesanos, 123/i)).toBeIÔÇª
    [90m   | [39m                      
[31m^[39m
    [90m449| [39m        [34mexpect[39m(sc
reen[33m.[39m[34mgetByText[39m([36m/Madri
d, 28001/i[39m))[33m.[39m[34mtoBeInTheDocu
ment[39m()
    [90m450| [39m    })

[31m[2mÔÄ»ÔÄ»ÔÄ»ÔÄ»ÔÄ»ÔÄ»ÔÄ»ÔÄ»ÔÄ»ÔÄ»ÔÄ»ÔÄ»Ô
Ä»ÔÄ»ÔÄ»ÔÄ»ÔÄ»ÔÄ»ÔÄ»ÔÄ»ÔÄ»ÔÄ»[16/26]ÔÄ»[22m[
39m

[41m[1m FAIL [22m[49m 
src/test/components.test.tsx[2m > 
[22mLocationSection[2m > [22mrenders 
location map image
[31m[1mTestingLibraryElementError[22m[39m:
 Unable to find an element with the alt text: 
/vista a├®rea del centro de madrid/i

Ignored nodes: comments, script, style
[36m<body>[39m
  [36m<div>[39m
    [36m<div[39m
      [33mclass[39m=[32m"max-w-7xl mx-auto 
px-6"[39m
    [36m>[39m
      [36m<div[39m
        [33mclass[39m=[32m" "[39m
        [33mstyle[39m=[32m"position: 
relative; width: 100%; overflow: 
visible;"[39m
      [36m>[39m
        [36m<div[39m
          [33mclass[39m=[32m""[39m
          [33mstyle[39m=[32m"opacity: 0; 
transform: translateY(75px);"[39m
        [36m>[39m
          [36m<div[39m
            [33mclass[39m=[32m"bg-brownie 
rounded-[3rem] overflow-hidden flex flex-col 
lg:flex-row shadow-2xl min-h-[600px]"[39m
          [36m>[39m
            [36m<div[39m
              [33mclass[39m=[32m"lg:w-1/2 
p-10 lg:p-24 flex flex-col justify-center 
text-beige relative overflow-hidden"[39m
            [36m>[39m
              [36m<div[39m
                
[33mclass[39m=[32m"absolute top-0 left-0 
w-full h-full opacity-5 
pointer-events-none"[39m
              [36m>[39m
                [36m<svg[39m
                  
[33mheight[39m=[32m"100%"[39m
                  
[33mwidth[39m=[32m"100%"[39m
                  [33mxmlns[39m=[32m"http:/
/www.w3.org/2000/svg"[39m
                [36m>[39m
                  [36m<pattern[39m
                    
[33mheight[39m=[32m"40"[39m
                    
[33mid[39m=[32m"pattern-circles"[39m
                    [33mpatternUnits[39m=[3
2m"userSpaceOnUse"[39m
                    
[33mwidth[39m=[32m"40"[39m
                    [33mx[39m=[32m"0"[39m
                    [33my[39m=[32m"0"[39m
                  [36m>[39m
                    [36m<circle[39m
                      
[33mcx[39m=[32m"2"[39m
                      
[33mcy[39m=[32m"2"[39m
                      
[33mfill[39m=[32m"currentColor"[39m
                      
[33mr[39m=[32m"1"[39m
                    [36m/>[39m
                  [36m</pattern>[39m
                  [36m<rect[39m
                    [33mfill[39m=[32m"url(#
pattern-circles)"[39m
                    
[33mheight[39m=[32m"100%"[39m
                    
[33mwidth[39m=[32m"100%"[39m
                    [33mx[39m=[32m"0"[39m
                    [33my[39m=[32m"0"[39m
                  [36m/>[39m
                [36m</svg>[39m
              [36m</div>[39m
              [36m<h2[39m
                
[33mclass[39m=[32m"text-5xl md:text-6xl 
font-serif font-bold mb-8 leading-tight"[39m
              [36m>[39m
                [0mBusca tu [0m
                [36m<span[39m
                  
[33mclass[39m=[32m"text-caramel"[39m
                [36m>[39m
                  [0mTienda[0m
                [36m</span>[39m
              [36m</h2>[39m
              [36m<p[39m
                
[33mclass[39m=[32m"text-beige/80 text-lg 
mb-12 leading-relaxed max-w-md"[39m
              [36m>[39m
                [0mComparte tu ubicaci├│n 
para encontrar tu panader├¡a m├ís cercana, ya 
sea para pedir por adelantado o visitarnos en 
persona.[0m
              [36m</p>[39m
              [36m<div[39m
                
[33mclass[39m=[32m"space-y-10 relative 
z-10"[39m
              [36m>[39m
                [36m<button[39m
                  
[33mclass[39m=[32m"transition-all 
duration-300 ease-in-out rounded-full 
font-bold active:scale-95 flex items-center 
justify-center gap-2 cursor-pointer 
bg-brownie text-cream hover:bg-coffee 
shadow-md px-6 py-2.5 text-sm !bg-beige 
!text-brownie hover:!bg-white 
hover:!scale-105 transition-all duration-300 
!rounded-full !px-10 !py-4 !text-base 
!font-bold 
shadow-[0_0_20px_rgba(245,239,231,0.2)] "[39m
                [36m>[39m
                  [36m<svg[39m
                    
[33maria-hidden[39m=[32m"true"[39m
                    [33mclass[39m=[32m"w-5 
h-5"[39m
                    
[33mfill[39m=[32m"none"[39m
                    
[33mstroke[39m=[32m"currentColor"[39m
                    [33mviewBox[39m=[32m"0 
0 24 24"[39m
                  [36m>[39m
                    [36m<path[39m
                      
[33md[39m=[32m"M17.657 16.657L13.414 
20.9a1.998 1.998 0 01-2.827 0l-4.244-4.243a8 
8 0 1111.314 0z"[39m
                      
[33mstroke-linecap[39m=[32m"round"[39m
                      
[33mstroke-linejoin[39m=[32m"round"[39m
                      
[33mstroke-width[39m=[32m"2.5"[39m
                    [36m/>[39m
                    [36m<path[39m
                      [33md[39m=[32m"M15 
11a3 3 0 11-6 0 3 3 0 016 0z"[39m
                      
[33mstroke-linecap[39m=[32m"round"[39m
                      
[33mstroke-linejoin[39m=[32m"round"[39m
                      
[33mstroke-width[39m=[32m"2.5"[39m
                    [36m/>[39m
                  [36m</svg>[39m
                  [0mCompartir Ubicaci├│n[0m
                [36m</button>[39m
                [36m<div[39m
                  [33mclass[39m=[32m"pt-8 
border-t border-beige/10"[39m
                [36m>[39m
                  [36m<h4[39m
                    
[33mclass[39m=[32m"font-bold text-xl mb-3 
font-serif"[39m
                  [36m>[39m

[2m Test Files [22m [1m[31m1 failed[39m[22m[90m (1)[39m
[2m      Tests [22m [1m[31m26 failed[39m[22m[2m | [22m[1m[32m52 passed[39m[22m[90m (78)[39m
[2m   Start at [22m 12:42:31
[2m   Duration [22m 2.59s[2m (transform 192ms, setup 114ms, import 639ms, tests 822ms, environment 843ms)[22m

                    [0mTienda Principal[0m
                  [36m</h4>[39m
                  [36m<p[39m
                    
[33mclass[39m=[32m"text-beige/70 text-base 
leading-relaxed"[39m
                  [36m>[39m
                    [0mCarrer Almirante 
Antequera, 11[0m
                    [36m<br />[39m
                    [0mSanta Pola, Alicante, 
03130[0m
                  [36m</p>[39m
                  [36m<div[39m
                    
[33mclass[39m=[32m"mt-4 flex items-center 
gap-2 text-caramel font-bold text-sm 
tracking-wide uppercase"[39m
                  [36m>[39m
                    [36m<span[39m
                      
[33mclass[39m=[32m"w-2 h-2 rounded-full 
bg-green-500 animate-pulse"[39m
                    [36m/>[39m
                    [0mAbierto hoy: 7:00 AM 
- 9:00 PM[0m
                  [36m</div>[39m
                [36m</div>[39m
              [36m</div>[39m
            [36m</div>[39m
            [36m<div[39m
              [33mclass[39m=[32m"lg:w-1/2 
h-[400px] lg:h-auto relative bg-[#e5e7eb] 
overflow-hidden group"[39m
            [36m>[39m
              [36m<div[39m
                
[33mclass[39m=[32m"absolute inset-0 
grayscale contrast-[1.1] brightness-[0.9] 
transition-all duration-700 
group-hover:grayscale-0 
group-hover:contrast-100 
group-hover:brightness-100"[39m
              [36m>[39m
                [36m<img[39m
                  [33malt[39m=[32m"Vista 
a├®rea de la costa de Santa Pola"[39m
                  
[33mclass[39m=[32m"w-full h-full 
object-cover"[39m
                  [33msrc[39m=[32m"https://
images.unsplash.com/photo-1524661135-423995f22
d0b?auto=format&fit=crop&q=80&w=1200"[39m
                [36m/>[39m
              [36m</div>[39m
              [36m<div[39m
                
[33mclass[39m=[32m"absolute inset-0 
bg-gradient-to-t from-brownie/50 
to-transparent lg:bg-gradient-to-l 
lg:from-transparent lg:to-brownie/20 
pointer-events-none"[39m
              [36m/>[39m
              [36m<div[39m
                
[33mclass[39m=[32m"absolute inset-0 flex 
items-center justify-center p-8"[39m
              [36m>[39m
                [36m<div[39m
                  
[33mclass[39m=[32m"bg-white p-8 
rounded-3xl shadow-2xl max-w-sm text-center 
relative z-20 mx-4"[39m
                  
[33mstyle[39m=[32m"transform: none;"[39m
                [36m>[39m
                  [36m<div[39m
                    
[33mclass[39m=[32m"absolute -top-6 
left-1/2 -translate-x-1/2"[39m
                  [36m>[39m
                    [36m<div[39m
                      
[33mclass[39m=[32m"w-12 h-12 bg-brownie 
rounded-full flex items-center justify-center 
text-white shadow-lg ring-4 ring-white"[39m
                    [36m>[39m
                      [36m<svg[39m
                        
[33mclass[39m=[32m"w-6 h-6"[39m
                        
[33mfill[39m=[32m"currentColor"[39m
                        
[33mviewBox[39m=[32m"0 0 20 20"[39m
                      [36m>[39m
                        [36m<path[39m
                          
[33mclip-rule[39m=[32m"evenodd"[39m
                          
[33md[39m=[32m"M5.05 4.05a7 7 0 119.9 
9.9L10 18.9l-4.95-4.95a7 7 0 010-9.9zM10 11a2 
2 0 100-4 2 2 0 000 4z"[39m
                          
[33mfill-rule[39m=[32m"evenodd"[39m
                        [36m/>[39m
                      [36m</svg>[39m
                    [36m</div>[39m
                  [36m</div>[39m
                  [36m<div[39m
                    
[33mclass[39m=[32m"mt-6"[39m
                  [36m>[39m
                    [36m<h4[39m
                      
[33mclass[39m=[32m"font-serif font-bold 
text-2xl text-brownie mb-2"[39m
                    [36m>[39m
                      [0m┬íEstamos aqu├¡![0m
                    [36m</h4>[39m
                    [36m<p[39m
                      
[33mclass[39m=[32m"text-brownie/60 mb-6 
leading-relaxed"[39m
                    [36m>[39m
                      [0mVis├¡tanos y 
disfruta del aut├®ntico sabor artesanal en un 
ambiente acogedor.[0m
                    [36m</p>[39m
                    [36m<button[39m
                      
[33mclass[39m=[32m"inline-flex 
items-center gap-2 text-brownie font-bold 
text-sm uppercase tracking-wider 
hover:text-caramel transition-colors 
group/btn"[39m
                    [36m>[39m
                      [0mC├│mo llegar[0m
                      [36m<svg[39m
                        
[33mclass[39m=[32m"w-4 h-4 transform 
group-hover/btn:translate-x-1 
transition-transform"[39m
                        
[33mfill[39m=[32m"none"[39m
                        
[33mstroke[39m=[32m"currentColor"[39m
                        
[33mviewBox[39m=[32m"0 0 24 24"[39m
                      [36m>[39m
                        [36m<path[39m
                          
[33md[39m=[32m"M17 8l4 4m0 0l-4 
4m4-4H3"[39m
                          
[33mstroke-linecap[39m=[32m"round"[39m
                          
[33mstroke-linejoin[39m=[32m"round"[39m
                          
[33mstroke-width[39m=[32m"2"[39m
                        [36m/>[39m
                      [36m</svg>[39m
                    [36m</button>[39m
                  [36m</div>[39m
                [36m</div>[39m
              [36m</div>[39m
            [36m</div>[39m
          [36m</div>[39m
        [36m</div>[39m
      [36m</div>[39m
    [36m</div>[39m
  [36m</div>[39m
[36m</body>[39m
[90m [2mÔØ»[22m Object.getElementError node
_modules/@testing-library/dom/dist/config.js:
[2m37:19[22m[39m
[90m [2mÔØ»[22m node_modules/@testing-libra
ry/dom/dist/query-helpers.js:[2m76:38[22m[3
9m
[90m [2mÔØ»[22m node_modules/@testing-libra
ry/dom/dist/query-helpers.js:[2m52:17[22m[3
9m
[90m [2mÔØ»[22m node_modules/@testing-libra
ry/dom/dist/query-helpers.js:[2m95:19[22m[3
9m
[36m [2mÔØ»[22m src/test/components.test.ts
x:[2m469:23[22m[39m
    [90m467| [39m    
[34mit[39m([32m'renders location map 
image'[39m[33m,[39m () [33m=>[39m {
    [90m468| [39m        [34mrender[39m([
33m<[39m[33mLocationSection[39m 
[33m/[39m[33m>[39m)
    [90m469| [39m        
expect(screen.getByAltText(/vista a├®rea del 
centro de madrid/iÔÇª
    [90m   | [39m                      
[31m^[39m
    [90m470| [39m    })
    [90m471| [39m})

[31m[2mÔÄ»ÔÄ»ÔÄ»ÔÄ»ÔÄ»ÔÄ»ÔÄ»ÔÄ»ÔÄ»ÔÄ»ÔÄ»ÔÄ»Ô
Ä»ÔÄ»ÔÄ»ÔÄ»ÔÄ»ÔÄ»ÔÄ»ÔÄ»ÔÄ»ÔÄ»[17/26]ÔÄ»[22m[
39m

